12:29:45 **** Incremental Build of configuration Debug for project lab01 ****
make -j4 all 
Building file: ../startup/startup_stm32.s
Building file: ../src/main.s
Building file: ../src/syscalls.c
Invoking: MCU GCC Assembler
Invoking: MCU GCC Assembler
Invoking: MCU GCC Compiler
Building file: ../src/system_stm32f0xx.c
/home/sam/Documents/senior_design/wherehouse/subsystems/communication/stm32_firmware/lab01/Debug
/home/sam/Documents/senior_design/wherehouse/subsystems/communication/stm32_firmware/lab01/Debug
arm-none-eabi-as -mcpu=cortex-m0 -mthumb -mfloat-abi=soft -I"/home/sam/Documents/senior_design/wherehouse/subsystems/communication/stm32_firmware/lab01/StdPeriph_Driver/inc" -I"/home/sam/Documents/senior_design/wherehouse/subsystems/communication/stm32_firmware/lab01/inc" -I"/home/sam/Documents/senior_design/wherehouse/subsystems/communication/stm32_firmware/lab01/CMSIS/device" -I"/home/sam/Documents/senior_design/wherehouse/subsystems/communication/stm32_firmware/lab01/CMSIS/core" -g -o "startup/startup_stm32.o" "../startup/startup_stm32.s"
/home/sam/Documents/senior_design/wherehouse/subsystems/communication/stm32_firmware/lab01/Debug
Invoking: MCU GCC Compiler
arm-none-eabi-as -mcpu=cortex-m0 -mthumb -mfloat-abi=soft -I"/home/sam/Documents/senior_design/wherehouse/subsystems/communication/stm32_firmware/lab01/StdPeriph_Driver/inc" -I"/home/sam/Documents/senior_design/wherehouse/subsystems/communication/stm32_firmware/lab01/inc" -I"/home/sam/Documents/senior_design/wherehouse/subsystems/communication/stm32_firmware/lab01/CMSIS/device" -I"/home/sam/Documents/senior_design/wherehouse/subsystems/communication/stm32_firmware/lab01/CMSIS/core" -g -o "src/main.o" "../src/main.s"
arm-none-eabi-gcc -mcpu=cortex-m0 -mthumb -mfloat-abi=soft -DSTM32 -DSTM32F0 -DSTM32F091RCTx -DDEBUG -DSTM32F091 -DUSE_STDPERIPH_DRIVER -I"/home/sam/Documents/senior_design/wherehouse/subsystems/communication/stm32_firmware/lab01/StdPeriph_Driver/inc" -I"/home/sam/Documents/senior_design/wherehouse/subsystems/communication/stm32_firmware/lab01/inc" -I"/home/sam/Documents/senior_design/wherehouse/subsystems/communication/stm32_firmware/lab01/CMSIS/device" -I"/home/sam/Documents/senior_design/wherehouse/subsystems/communication/stm32_firmware/lab01/CMSIS/core" -O0 -g3 -Wall -fmessage-length=0 -ffunction-sections -c -MMD -MP -MF"src/syscalls.d" -MT"src/syscalls.o" -o "src/syscalls.o" "../src/syscalls.c"
/home/sam/Documents/senior_design/wherehouse/subsystems/communication/stm32_firmware/lab01/Debug
arm-none-eabi-gcc -mcpu=cortex-m0 -mthumb -mfloat-abi=soft -DSTM32 -DSTM32F0 -DSTM32F091RCTx -DDEBUG -DSTM32F091 -DUSE_STDPERIPH_DRIVER -I"/home/sam/Documents/senior_design/wherehouse/subsystems/communication/stm32_firmware/lab01/StdPeriph_Driver/inc" -I"/home/sam/Documents/senior_design/wherehouse/subsystems/communication/stm32_firmware/lab01/inc" -I"/home/sam/Documents/senior_design/wherehouse/subsystems/communication/stm32_firmware/lab01/CMSIS/device" -I"/home/sam/Documents/senior_design/wherehouse/subsystems/communication/stm32_firmware/lab01/CMSIS/core" -O0 -g3 -Wall -fmessage-length=0 -ffunction-sections -c -MMD -MP -MF"src/system_stm32f0xx.d" -MT"src/system_stm32f0xx.o" -o "src/system_stm32f0xx.o" "../src/system_stm32f0xx.c"
Finished building: ../startup/startup_stm32.s
Finished building: ../src/main.s
 
 
Building file: ../StdPeriph_Driver/src/stm32f0xx_adc.c
Building file: ../StdPeriph_Driver/src/stm32f0xx_can.c
Invoking: MCU GCC Compiler
Invoking: MCU GCC Compiler
/home/sam/Documents/senior_design/wherehouse/subsystems/communication/stm32_firmware/lab01/Debug
arm-none-eabi-gcc -mcpu=cortex-m0 -mthumb -mfloat-abi=soft -DSTM32 -DSTM32F0 -DSTM32F091RCTx -DDEBUG -DSTM32F091 -DUSE_STDPERIPH_DRIVER -I"/home/sam/Documents/senior_design/wherehouse/subsystems/communication/stm32_firmware/lab01/StdPeriph_Driver/inc" -I"/home/sam/Documents/senior_design/wherehouse/subsystems/communication/stm32_firmware/lab01/inc" -I"/home/sam/Documents/senior_design/wherehouse/subsystems/communication/stm32_firmware/lab01/CMSIS/device" -I"/home/sam/Documents/senior_design/wherehouse/subsystems/communication/stm32_firmware/lab01/CMSIS/core" -O0 -g3 -Wall -fmessage-length=0 -ffunction-sections -c -MMD -MP -MF"StdPeriph_Driver/src/stm32f0xx_adc.d" -MT"StdPeriph_Driver/src/stm32f0xx_adc.o" -o "StdPeriph_Driver/src/stm32f0xx_adc.o" "../StdPeriph_Driver/src/stm32f0xx_adc.c"
/home/sam/Documents/senior_design/wherehouse/subsystems/communication/stm32_firmware/lab01/Debug
arm-none-eabi-gcc -mcpu=cortex-m0 -mthumb -mfloat-abi=soft -DSTM32 -DSTM32F0 -DSTM32F091RCTx -DDEBUG -DSTM32F091 -DUSE_STDPERIPH_DRIVER -I"/home/sam/Documents/senior_design/wherehouse/subsystems/communication/stm32_firmware/lab01/StdPeriph_Driver/inc" -I"/home/sam/Documents/senior_design/wherehouse/subsystems/communication/stm32_firmware/lab01/inc" -I"/home/sam/Documents/senior_design/wherehouse/subsystems/communication/stm32_firmware/lab01/CMSIS/device" -I"/home/sam/Documents/senior_design/wherehouse/subsystems/communication/stm32_firmware/lab01/CMSIS/core" -O0 -g3 -Wall -fmessage-length=0 -ffunction-sections -c -MMD -MP -MF"StdPeriph_Driver/src/stm32f0xx_can.d" -MT"StdPeriph_Driver/src/stm32f0xx_can.o" -o "StdPeriph_Driver/src/stm32f0xx_can.o" "../StdPeriph_Driver/src/stm32f0xx_can.c"
Finished building: ../src/syscalls.c
 
Building file: ../StdPeriph_Driver/src/stm32f0xx_cec.c
Invoking: MCU GCC Compiler
/home/sam/Documents/senior_design/wherehouse/subsystems/communication/stm32_firmware/lab01/Debug
arm-none-eabi-gcc -mcpu=cortex-m0 -mthumb -mfloat-abi=soft -DSTM32 -DSTM32F0 -DSTM32F091RCTx -DDEBUG -DSTM32F091 -DUSE_STDPERIPH_DRIVER -I"/home/sam/Documents/senior_design/wherehouse/subsystems/communication/stm32_firmware/lab01/StdPeriph_Driver/inc" -I"/home/sam/Documents/senior_design/wherehouse/subsystems/communication/stm32_firmware/lab01/inc" -I"/home/sam/Documents/senior_design/wherehouse/subsystems/communication/stm32_firmware/lab01/CMSIS/device" -I"/home/sam/Documents/senior_design/wherehouse/subsystems/communication/stm32_firmware/lab01/CMSIS/core" -O0 -g3 -Wall -fmessage-length=0 -ffunction-sections -c -MMD -MP -MF"StdPeriph_Driver/src/stm32f0xx_cec.d" -MT"StdPeriph_Driver/src/stm32f0xx_cec.o" -o "StdPeriph_Driver/src/stm32f0xx_cec.o" "../StdPeriph_Driver/src/stm32f0xx_cec.c"
Finished building: ../src/system_stm32f0xx.c
 
Building file: ../StdPeriph_Driver/src/stm32f0xx_comp.c
Invoking: MCU GCC Compiler
/home/sam/Documents/senior_design/wherehouse/subsystems/communication/stm32_firmware/lab01/Debug
arm-none-eabi-gcc -mcpu=cortex-m0 -mthumb -mfloat-abi=soft -DSTM32 -DSTM32F0 -DSTM32F091RCTx -DDEBUG -DSTM32F091 -DUSE_STDPERIPH_DRIVER -I"/home/sam/Documents/senior_design/wherehouse/subsystems/communication/stm32_firmware/lab01/StdPeriph_Driver/inc" -I"/home/sam/Documents/senior_design/wherehouse/subsystems/communication/stm32_firmware/lab01/inc" -I"/home/sam/Documents/senior_design/wherehouse/subsystems/communication/stm32_firmware/lab01/CMSIS/device" -I"/home/sam/Documents/senior_design/wherehouse/subsystems/communication/stm32_firmware/lab01/CMSIS/core" -O0 -g3 -Wall -fmessage-length=0 -ffunction-sections -c -MMD -MP -MF"StdPeriph_Driver/src/stm32f0xx_comp.d" -MT"StdPeriph_Driver/src/stm32f0xx_comp.o" -o "StdPeriph_Driver/src/stm32f0xx_comp.o" "../StdPeriph_Driver/src/stm32f0xx_comp.c"
Finished building: ../StdPeriph_Driver/src/stm32f0xx_can.c
 
Building file: ../StdPeriph_Driver/src/stm32f0xx_crc.c
Invoking: MCU GCC Compiler
/home/sam/Documents/senior_design/wherehouse/subsystems/communication/stm32_firmware/lab01/Debug
arm-none-eabi-gcc -mcpu=cortex-m0 -mthumb -mfloat-abi=soft -DSTM32 -DSTM32F0 -DSTM32F091RCTx -DDEBUG -DSTM32F091 -DUSE_STDPERIPH_DRIVER -I"/home/sam/Documents/senior_design/wherehouse/subsystems/communication/stm32_firmware/lab01/StdPeriph_Driver/inc" -I"/home/sam/Documents/senior_design/wherehouse/subsystems/communication/stm32_firmware/lab01/inc" -I"/home/sam/Documents/senior_design/wherehouse/subsystems/communication/stm32_firmware/lab01/CMSIS/device" -I"/home/sam/Documents/senior_design/wherehouse/subsystems/communication/stm32_firmware/lab01/CMSIS/core" -O0 -g3 -Wall -fmessage-length=0 -ffunction-sections -c -MMD -MP -MF"StdPeriph_Driver/src/stm32f0xx_crc.d" -MT"StdPeriph_Driver/src/stm32f0xx_crc.o" -o "StdPeriph_Driver/src/stm32f0xx_crc.o" "../StdPeriph_Driver/src/stm32f0xx_crc.c"
Finished building: ../StdPeriph_Driver/src/stm32f0xx_cec.c
Finished building: ../StdPeriph_Driver/src/stm32f0xx_adc.c
 
 
Building file: ../StdPeriph_Driver/src/stm32f0xx_crs.c
Building file: ../StdPeriph_Driver/src/stm32f0xx_dac.c
Invoking: MCU GCC Compiler
Invoking: MCU GCC Compiler
/home/sam/Documents/senior_design/wherehouse/subsystems/communication/stm32_firmware/lab01/Debug
arm-none-eabi-gcc -mcpu=cortex-m0 -mthumb -mfloat-abi=soft -DSTM32 -DSTM32F0 -DSTM32F091RCTx -DDEBUG -DSTM32F091 -DUSE_STDPERIPH_DRIVER -I"/home/sam/Documents/senior_design/wherehouse/subsystems/communication/stm32_firmware/lab01/StdPeriph_Driver/inc" -I"/home/sam/Documents/senior_design/wherehouse/subsystems/communication/stm32_firmware/lab01/inc" -I"/home/sam/Documents/senior_design/wherehouse/subsystems/communication/stm32_firmware/lab01/CMSIS/device" -I"/home/sam/Documents/senior_design/wherehouse/subsystems/communication/stm32_firmware/lab01/CMSIS/core" -O0 -g3 -Wall -fmessage-length=0 -ffunction-sections -c -MMD -MP -MF"StdPeriph_Driver/src/stm32f0xx_crs.d" -MT"StdPeriph_Driver/src/stm32f0xx_crs.o" -o "StdPeriph_Driver/src/stm32f0xx_crs.o" "../StdPeriph_Driver/src/stm32f0xx_crs.c"
/home/sam/Documents/senior_design/wherehouse/subsystems/communication/stm32_firmware/lab01/Debug
arm-none-eabi-gcc -mcpu=cortex-m0 -mthumb -mfloat-abi=soft -DSTM32 -DSTM32F0 -DSTM32F091RCTx -DDEBUG -DSTM32F091 -DUSE_STDPERIPH_DRIVER -I"/home/sam/Documents/senior_design/wherehouse/subsystems/communication/stm32_firmware/lab01/StdPeriph_Driver/inc" -I"/home/sam/Documents/senior_design/wherehouse/subsystems/communication/stm32_firmware/lab01/inc" -I"/home/sam/Documents/senior_design/wherehouse/subsystems/communication/stm32_firmware/lab01/CMSIS/device" -I"/home/sam/Documents/senior_design/wherehouse/subsystems/communication/stm32_firmware/lab01/CMSIS/core" -O0 -g3 -Wall -fmessage-length=0 -ffunction-sections -c -MMD -MP -MF"StdPeriph_Driver/src/stm32f0xx_dac.d" -MT"StdPeriph_Driver/src/stm32f0xx_dac.o" -o "StdPeriph_Driver/src/stm32f0xx_dac.o" "../StdPeriph_Driver/src/stm32f0xx_dac.c"
Finished building: ../StdPeriph_Driver/src/stm32f0xx_comp.c
 
Building file: ../StdPeriph_Driver/src/stm32f0xx_dbgmcu.c
Invoking: MCU GCC Compiler
/home/sam/Documents/senior_design/wherehouse/subsystems/communication/stm32_firmware/lab01/Debug
arm-none-eabi-gcc -mcpu=cortex-m0 -mthumb -mfloat-abi=soft -DSTM32 -DSTM32F0 -DSTM32F091RCTx -DDEBUG -DSTM32F091 -DUSE_STDPERIPH_DRIVER -I"/home/sam/Documents/senior_design/wherehouse/subsystems/communication/stm32_firmware/lab01/StdPeriph_Driver/inc" -I"/home/sam/Documents/senior_design/wherehouse/subsystems/communication/stm32_firmware/lab01/inc" -I"/home/sam/Documents/senior_design/wherehouse/subsystems/communication/stm32_firmware/lab01/CMSIS/device" -I"/home/sam/Documents/senior_design/wherehouse/subsystems/communication/stm32_firmware/lab01/CMSIS/core" -O0 -g3 -Wall -fmessage-length=0 -ffunction-sections -c -MMD -MP -MF"StdPeriph_Driver/src/stm32f0xx_dbgmcu.d" -MT"StdPeriph_Driver/src/stm32f0xx_dbgmcu.o" -o "StdPeriph_Driver/src/stm32f0xx_dbgmcu.o" "../StdPeriph_Driver/src/stm32f0xx_dbgmcu.c"
Finished building: ../StdPeriph_Driver/src/stm32f0xx_crc.c
 
Building file: ../StdPeriph_Driver/src/stm32f0xx_dma.c
Invoking: MCU GCC Compiler
/home/sam/Documents/senior_design/wherehouse/subsystems/communication/stm32_firmware/lab01/Debug
arm-none-eabi-gcc -mcpu=cortex-m0 -mthumb -mfloat-abi=soft -DSTM32 -DSTM32F0 -DSTM32F091RCTx -DDEBUG -DSTM32F091 -DUSE_STDPERIPH_DRIVER -I"/home/sam/Documents/senior_design/wherehouse/subsystems/communication/stm32_firmware/lab01/StdPeriph_Driver/inc" -I"/home/sam/Documents/senior_design/wherehouse/subsystems/communication/stm32_firmware/lab01/inc" -I"/home/sam/Documents/senior_design/wherehouse/subsystems/communication/stm32_firmware/lab01/CMSIS/device" -I"/home/sam/Documents/senior_design/wherehouse/subsystems/communication/stm32_firmware/lab01/CMSIS/core" -O0 -g3 -Wall -fmessage-length=0 -ffunction-sections -c -MMD -MP -MF"StdPeriph_Driver/src/stm32f0xx_dma.d" -MT"StdPeriph_Driver/src/stm32f0xx_dma.o" -o "StdPeriph_Driver/src/stm32f0xx_dma.o" "../StdPeriph_Driver/src/stm32f0xx_dma.c"
Finished building: ../StdPeriph_Driver/src/stm32f0xx_crs.c
 
Building file: ../StdPeriph_Driver/src/stm32f0xx_exti.c
Invoking: MCU GCC Compiler
/home/sam/Documents/senior_design/wherehouse/subsystems/communication/stm32_firmware/lab01/Debug
arm-none-eabi-gcc -mcpu=cortex-m0 -mthumb -mfloat-abi=soft -DSTM32 -DSTM32F0 -DSTM32F091RCTx -DDEBUG -DSTM32F091 -DUSE_STDPERIPH_DRIVER -I"/home/sam/Documents/senior_design/wherehouse/subsystems/communication/stm32_firmware/lab01/StdPeriph_Driver/inc" -I"/home/sam/Documents/senior_design/wherehouse/subsystems/communication/stm32_firmware/lab01/inc" -I"/home/sam/Documents/senior_design/wherehouse/subsystems/communication/stm32_firmware/lab01/CMSIS/device" -I"/home/sam/Documents/senior_design/wherehouse/subsystems/communication/stm32_firmware/lab01/CMSIS/core" -O0 -g3 -Wall -fmessage-length=0 -ffunction-sections -c -MMD -MP -MF"StdPeriph_Driver/src/stm32f0xx_exti.d" -MT"StdPeriph_Driver/src/stm32f0xx_exti.o" -o "StdPeriph_Driver/src/stm32f0xx_exti.o" "../StdPeriph_Driver/src/stm32f0xx_exti.c"
Finished building: ../StdPeriph_Driver/src/stm32f0xx_dac.c
 
Building file: ../StdPeriph_Driver/src/stm32f0xx_flash.c
Invoking: MCU GCC Compiler
/home/sam/Documents/senior_design/wherehouse/subsystems/communication/stm32_firmware/lab01/Debug
arm-none-eabi-gcc -mcpu=cortex-m0 -mthumb -mfloat-abi=soft -DSTM32 -DSTM32F0 -DSTM32F091RCTx -DDEBUG -DSTM32F091 -DUSE_STDPERIPH_DRIVER -I"/home/sam/Documents/senior_design/wherehouse/subsystems/communication/stm32_firmware/lab01/StdPeriph_Driver/inc" -I"/home/sam/Documents/senior_design/wherehouse/subsystems/communication/stm32_firmware/lab01/inc" -I"/home/sam/Documents/senior_design/wherehouse/subsystems/communication/stm32_firmware/lab01/CMSIS/device" -I"/home/sam/Documents/senior_design/wherehouse/subsystems/communication/stm32_firmware/lab01/CMSIS/core" -O0 -g3 -Wall -fmessage-length=0 -ffunction-sections -c -MMD -MP -MF"StdPeriph_Driver/src/stm32f0xx_flash.d" -MT"StdPeriph_Driver/src/stm32f0xx_flash.o" -o "StdPeriph_Driver/src/stm32f0xx_flash.o" "../StdPeriph_Driver/src/stm32f0xx_flash.c"
Finished building: ../StdPeriph_Driver/src/stm32f0xx_dma.c
 
Building file: ../StdPeriph_Driver/src/stm32f0xx_gpio.c
Invoking: MCU GCC Compiler
/home/sam/Documents/senior_design/wherehouse/subsystems/communication/stm32_firmware/lab01/Debug
arm-none-eabi-gcc -mcpu=cortex-m0 -mthumb -mfloat-abi=soft -DSTM32 -DSTM32F0 -DSTM32F091RCTx -DDEBUG -DSTM32F091 -DUSE_STDPERIPH_DRIVER -I"/home/sam/Documents/senior_design/wherehouse/subsystems/communication/stm32_firmware/lab01/StdPeriph_Driver/inc" -I"/home/sam/Documents/senior_design/wherehouse/subsystems/communication/stm32_firmware/lab01/inc" -I"/home/sam/Documents/senior_design/wherehouse/subsystems/communication/stm32_firmware/lab01/CMSIS/device" -I"/home/sam/Documents/senior_design/wherehouse/subsystems/communication/stm32_firmware/lab01/CMSIS/core" -O0 -g3 -Wall -fmessage-length=0 -ffunction-sections -c -MMD -MP -MF"StdPeriph_Driver/src/stm32f0xx_gpio.d" -MT"StdPeriph_Driver/src/stm32f0xx_gpio.o" -o "StdPeriph_Driver/src/stm32f0xx_gpio.o" "../StdPeriph_Driver/src/stm32f0xx_gpio.c"
Finished building: ../StdPeriph_Driver/src/stm32f0xx_dbgmcu.c
Finished building: ../StdPeriph_Driver/src/stm32f0xx_exti.c
 
 
Building file: ../StdPeriph_Driver/src/stm32f0xx_i2c.c
Building file: ../StdPeriph_Driver/src/stm32f0xx_iwdg.c
Invoking: MCU GCC Compiler
Invoking: MCU GCC Compiler
/home/sam/Documents/senior_design/wherehouse/subsystems/communication/stm32_firmware/lab01/Debug
arm-none-eabi-gcc -mcpu=cortex-m0 -mthumb -mfloat-abi=soft -DSTM32 -DSTM32F0 -DSTM32F091RCTx -DDEBUG -DSTM32F091 -DUSE_STDPERIPH_DRIVER -I"/home/sam/Documents/senior_design/wherehouse/subsystems/communication/stm32_firmware/lab01/StdPeriph_Driver/inc" -I"/home/sam/Documents/senior_design/wherehouse/subsystems/communication/stm32_firmware/lab01/inc" -I"/home/sam/Documents/senior_design/wherehouse/subsystems/communication/stm32_firmware/lab01/CMSIS/device" -I"/home/sam/Documents/senior_design/wherehouse/subsystems/communication/stm32_firmware/lab01/CMSIS/core" -O0 -g3 -Wall -fmessage-length=0 -ffunction-sections -c -MMD -MP -MF"StdPeriph_Driver/src/stm32f0xx_i2c.d" -MT"StdPeriph_Driver/src/stm32f0xx_i2c.o" -o "StdPeriph_Driver/src/stm32f0xx_i2c.o" "../StdPeriph_Driver/src/stm32f0xx_i2c.c"
/home/sam/Documents/senior_design/wherehouse/subsystems/communication/stm32_firmware/lab01/Debug
arm-none-eabi-gcc -mcpu=cortex-m0 -mthumb -mfloat-abi=soft -DSTM32 -DSTM32F0 -DSTM32F091RCTx -DDEBUG -DSTM32F091 -DUSE_STDPERIPH_DRIVER -I"/home/sam/Documents/senior_design/wherehouse/subsystems/communication/stm32_firmware/lab01/StdPeriph_Driver/inc" -I"/home/sam/Documents/senior_design/wherehouse/subsystems/communication/stm32_firmware/lab01/inc" -I"/home/sam/Documents/senior_design/wherehouse/subsystems/communication/stm32_firmware/lab01/CMSIS/device" -I"/home/sam/Documents/senior_design/wherehouse/subsystems/communication/stm32_firmware/lab01/CMSIS/core" -O0 -g3 -Wall -fmessage-length=0 -ffunction-sections -c -MMD -MP -MF"StdPeriph_Driver/src/stm32f0xx_iwdg.d" -MT"StdPeriph_Driver/src/stm32f0xx_iwdg.o" -o "StdPeriph_Driver/src/stm32f0xx_iwdg.o" "../StdPeriph_Driver/src/stm32f0xx_iwdg.c"
Finished building: ../StdPeriph_Driver/src/stm32f0xx_flash.c
 
Building file: ../StdPeriph_Driver/src/stm32f0xx_misc.c
Invoking: MCU GCC Compiler
/home/sam/Documents/senior_design/wherehouse/subsystems/communication/stm32_firmware/lab01/Debug
arm-none-eabi-gcc -mcpu=cortex-m0 -mthumb -mfloat-abi=soft -DSTM32 -DSTM32F0 -DSTM32F091RCTx -DDEBUG -DSTM32F091 -DUSE_STDPERIPH_DRIVER -I"/home/sam/Documents/senior_design/wherehouse/subsystems/communication/stm32_firmware/lab01/StdPeriph_Driver/inc" -I"/home/sam/Documents/senior_design/wherehouse/subsystems/communication/stm32_firmware/lab01/inc" -I"/home/sam/Documents/senior_design/wherehouse/subsystems/communication/stm32_firmware/lab01/CMSIS/device" -I"/home/sam/Documents/senior_design/wherehouse/subsystems/communication/stm32_firmware/lab01/CMSIS/core" -O0 -g3 -Wall -fmessage-length=0 -ffunction-sections -c -MMD -MP -MF"StdPeriph_Driver/src/stm32f0xx_misc.d" -MT"StdPeriph_Driver/src/stm32f0xx_misc.o" -o "StdPeriph_Driver/src/stm32f0xx_misc.o" "../StdPeriph_Driver/src/stm32f0xx_misc.c"
Finished building: ../StdPeriph_Driver/src/stm32f0xx_gpio.c
 
Building file: ../StdPeriph_Driver/src/stm32f0xx_pwr.c
Invoking: MCU GCC Compiler
Finished building: ../StdPeriph_Driver/src/stm32f0xx_iwdg.c
/home/sam/Documents/senior_design/wherehouse/subsystems/communication/stm32_firmware/lab01/Debug
arm-none-eabi-gcc -mcpu=cortex-m0 -mthumb -mfloat-abi=soft -DSTM32 -DSTM32F0 -DSTM32F091RCTx -DDEBUG -DSTM32F091 -DUSE_STDPERIPH_DRIVER -I"/home/sam/Documents/senior_design/wherehouse/subsystems/communication/stm32_firmware/lab01/StdPeriph_Driver/inc" -I"/home/sam/Documents/senior_design/wherehouse/subsystems/communication/stm32_firmware/lab01/inc" -I"/home/sam/Documents/senior_design/wherehouse/subsystems/communication/stm32_firmware/lab01/CMSIS/device" -I"/home/sam/Documents/senior_design/wherehouse/subsystems/communication/stm32_firmware/lab01/CMSIS/core" -O0 -g3 -Wall -fmessage-length=0 -ffunction-sections -c -MMD -MP -MF"StdPeriph_Driver/src/stm32f0xx_pwr.d" -MT"StdPeriph_Driver/src/stm32f0xx_pwr.o" -o "StdPeriph_Driver/src/stm32f0xx_pwr.o" "../StdPeriph_Driver/src/stm32f0xx_pwr.c"
 
Building file: ../StdPeriph_Driver/src/stm32f0xx_rcc.c
Invoking: MCU GCC Compiler
/home/sam/Documents/senior_design/wherehouse/subsystems/communication/stm32_firmware/lab01/Debug
arm-none-eabi-gcc -mcpu=cortex-m0 -mthumb -mfloat-abi=soft -DSTM32 -DSTM32F0 -DSTM32F091RCTx -DDEBUG -DSTM32F091 -DUSE_STDPERIPH_DRIVER -I"/home/sam/Documents/senior_design/wherehouse/subsystems/communication/stm32_firmware/lab01/StdPeriph_Driver/inc" -I"/home/sam/Documents/senior_design/wherehouse/subsystems/communication/stm32_firmware/lab01/inc" -I"/home/sam/Documents/senior_design/wherehouse/subsystems/communication/stm32_firmware/lab01/CMSIS/device" -I"/home/sam/Documents/senior_design/wherehouse/subsystems/communication/stm32_firmware/lab01/CMSIS/core" -O0 -g3 -Wall -fmessage-length=0 -ffunction-sections -c -MMD -MP -MF"StdPeriph_Driver/src/stm32f0xx_rcc.d" -MT"StdPeriph_Driver/src/stm32f0xx_rcc.o" -o "StdPeriph_Driver/src/stm32f0xx_rcc.o" "../StdPeriph_Driver/src/stm32f0xx_rcc.c"
Finished building: ../StdPeriph_Driver/src/stm32f0xx_i2c.c
 
Building file: ../StdPeriph_Driver/src/stm32f0xx_rtc.c
Invoking: MCU GCC Compiler
/home/sam/Documents/senior_design/wherehouse/subsystems/communication/stm32_firmware/lab01/Debug
arm-none-eabi-gcc -mcpu=cortex-m0 -mthumb -mfloat-abi=soft -DSTM32 -DSTM32F0 -DSTM32F091RCTx -DDEBUG -DSTM32F091 -DUSE_STDPERIPH_DRIVER -I"/home/sam/Documents/senior_design/wherehouse/subsystems/communication/stm32_firmware/lab01/StdPeriph_Driver/inc" -I"/home/sam/Documents/senior_design/wherehouse/subsystems/communication/stm32_firmware/lab01/inc" -I"/home/sam/Documents/senior_design/wherehouse/subsystems/communication/stm32_firmware/lab01/CMSIS/device" -I"/home/sam/Documents/senior_design/wherehouse/subsystems/communication/stm32_firmware/lab01/CMSIS/core" -O0 -g3 -Wall -fmessage-length=0 -ffunction-sections -c -MMD -MP -MF"StdPeriph_Driver/src/stm32f0xx_rtc.d" -MT"StdPeriph_Driver/src/stm32f0xx_rtc.o" -o "StdPeriph_Driver/src/stm32f0xx_rtc.o" "../StdPeriph_Driver/src/stm32f0xx_rtc.c"
Finished building: ../StdPeriph_Driver/src/stm32f0xx_pwr.c
 
Building file: ../StdPeriph_Driver/src/stm32f0xx_spi.c
Invoking: MCU GCC Compiler
/home/sam/Documents/senior_design/wherehouse/subsystems/communication/stm32_firmware/lab01/Debug
arm-none-eabi-gcc -mcpu=cortex-m0 -mthumb -mfloat-abi=soft -DSTM32 -DSTM32F0 -DSTM32F091RCTx -DDEBUG -DSTM32F091 -DUSE_STDPERIPH_DRIVER -I"/home/sam/Documents/senior_design/wherehouse/subsystems/communication/stm32_firmware/lab01/StdPeriph_Driver/inc" -I"/home/sam/Documents/senior_design/wherehouse/subsystems/communication/stm32_firmware/lab01/inc" -I"/home/sam/Documents/senior_design/wherehouse/subsystems/communication/stm32_firmware/lab01/CMSIS/device" -I"/home/sam/Documents/senior_design/wherehouse/subsystems/communication/stm32_firmware/lab01/CMSIS/core" -O0 -g3 -Wall -fmessage-length=0 -ffunction-sections -c -MMD -MP -MF"StdPeriph_Driver/src/stm32f0xx_spi.d" -MT"StdPeriph_Driver/src/stm32f0xx_spi.o" -o "StdPeriph_Driver/src/stm32f0xx_spi.o" "../StdPeriph_Driver/src/stm32f0xx_spi.c"
Finished building: ../StdPeriph_Driver/src/stm32f0xx_misc.c
 
Building file: ../StdPeriph_Driver/src/stm32f0xx_syscfg.c
Invoking: MCU GCC Compiler
/home/sam/Documents/senior_design/wherehouse/subsystems/communication/stm32_firmware/lab01/Debug
arm-none-eabi-gcc -mcpu=cortex-m0 -mthumb -mfloat-abi=soft -DSTM32 -DSTM32F0 -DSTM32F091RCTx -DDEBUG -DSTM32F091 -DUSE_STDPERIPH_DRIVER -I"/home/sam/Documents/senior_design/wherehouse/subsystems/communication/stm32_firmware/lab01/StdPeriph_Driver/inc" -I"/home/sam/Documents/senior_design/wherehouse/subsystems/communication/stm32_firmware/lab01/inc" -I"/home/sam/Documents/senior_design/wherehouse/subsystems/communication/stm32_firmware/lab01/CMSIS/device" -I"/home/sam/Documents/senior_design/wherehouse/subsystems/communication/stm32_firmware/lab01/CMSIS/core" -O0 -g3 -Wall -fmessage-length=0 -ffunction-sections -c -MMD -MP -MF"StdPeriph_Driver/src/stm32f0xx_syscfg.d" -MT"StdPeriph_Driver/src/stm32f0xx_syscfg.o" -o "StdPeriph_Driver/src/stm32f0xx_syscfg.o" "../StdPeriph_Driver/src/stm32f0xx_syscfg.c"
Finished building: ../StdPeriph_Driver/src/stm32f0xx_rcc.c
 
Building file: ../StdPeriph_Driver/src/stm32f0xx_tim.c
Invoking: MCU GCC Compiler
/home/sam/Documents/senior_design/wherehouse/subsystems/communication/stm32_firmware/lab01/Debug
arm-none-eabi-gcc -mcpu=cortex-m0 -mthumb -mfloat-abi=soft -DSTM32 -DSTM32F0 -DSTM32F091RCTx -DDEBUG -DSTM32F091 -DUSE_STDPERIPH_DRIVER -I"/home/sam/Documents/senior_design/wherehouse/subsystems/communication/stm32_firmware/lab01/StdPeriph_Driver/inc" -I"/home/sam/Documents/senior_design/wherehouse/subsystems/communication/stm32_firmware/lab01/inc" -I"/home/sam/Documents/senior_design/wherehouse/subsystems/communication/stm32_firmware/lab01/CMSIS/device" -I"/home/sam/Documents/senior_design/wherehouse/subsystems/communication/stm32_firmware/lab01/CMSIS/core" -O0 -g3 -Wall -fmessage-length=0 -ffunction-sections -c -MMD -MP -MF"StdPeriph_Driver/src/stm32f0xx_tim.d" -MT"StdPeriph_Driver/src/stm32f0xx_tim.o" -o "StdPeriph_Driver/src/stm32f0xx_tim.o" "../StdPeriph_Driver/src/stm32f0xx_tim.c"
Finished building: ../StdPeriph_Driver/src/stm32f0xx_syscfg.c
 
Building file: ../StdPeriph_Driver/src/stm32f0xx_usart.c
Invoking: MCU GCC Compiler
/home/sam/Documents/senior_design/wherehouse/subsystems/communication/stm32_firmware/lab01/Debug
arm-none-eabi-gcc -mcpu=cortex-m0 -mthumb -mfloat-abi=soft -DSTM32 -DSTM32F0 -DSTM32F091RCTx -DDEBUG -DSTM32F091 -DUSE_STDPERIPH_DRIVER -I"/home/sam/Documents/senior_design/wherehouse/subsystems/communication/stm32_firmware/lab01/StdPeriph_Driver/inc" -I"/home/sam/Documents/senior_design/wherehouse/subsystems/communication/stm32_firmware/lab01/inc" -I"/home/sam/Documents/senior_design/wherehouse/subsystems/communication/stm32_firmware/lab01/CMSIS/device" -I"/home/sam/Documents/senior_design/wherehouse/subsystems/communication/stm32_firmware/lab01/CMSIS/core" -O0 -g3 -Wall -fmessage-length=0 -ffunction-sections -c -MMD -MP -MF"StdPeriph_Driver/src/stm32f0xx_usart.d" -MT"StdPeriph_Driver/src/stm32f0xx_usart.o" -o "StdPeriph_Driver/src/stm32f0xx_usart.o" "../StdPeriph_Driver/src/stm32f0xx_usart.c"
Finished building: ../StdPeriph_Driver/src/stm32f0xx_spi.c
 
Finished building: ../StdPeriph_Driver/src/stm32f0xx_rtc.c
 
Building file: ../StdPeriph_Driver/src/stm32f0xx_wwdg.c
Invoking: MCU GCC Compiler
/home/sam/Documents/senior_design/wherehouse/subsystems/communication/stm32_firmware/lab01/Debug
arm-none-eabi-gcc -mcpu=cortex-m0 -mthumb -mfloat-abi=soft -DSTM32 -DSTM32F0 -DSTM32F091RCTx -DDEBUG -DSTM32F091 -DUSE_STDPERIPH_DRIVER -I"/home/sam/Documents/senior_design/wherehouse/subsystems/communication/stm32_firmware/lab01/StdPeriph_Driver/inc" -I"/home/sam/Documents/senior_design/wherehouse/subsystems/communication/stm32_firmware/lab01/inc" -I"/home/sam/Documents/senior_design/wherehouse/subsystems/communication/stm32_firmware/lab01/CMSIS/device" -I"/home/sam/Documents/senior_design/wherehouse/subsystems/communication/stm32_firmware/lab01/CMSIS/core" -O0 -g3 -Wall -fmessage-length=0 -ffunction-sections -c -MMD -MP -MF"StdPeriph_Driver/src/stm32f0xx_wwdg.d" -MT"StdPeriph_Driver/src/stm32f0xx_wwdg.o" -o "StdPeriph_Driver/src/stm32f0xx_wwdg.o" "../StdPeriph_Driver/src/stm32f0xx_wwdg.c"
Finished building: ../StdPeriph_Driver/src/stm32f0xx_wwdg.c
 
Finished building: ../StdPeriph_Driver/src/stm32f0xx_usart.c
 
Finished building: ../StdPeriph_Driver/src/stm32f0xx_tim.c
 
Building target: lab01.elf
Invoking: MCU GCC Linker
arm-none-eabi-gcc -mcpu=cortex-m0 -mthumb -mfloat-abi=soft -T"/home/sam/Documents/senior_design/wherehouse/subsystems/communication/stm32_firmware/lab01/LinkerScript.ld" -Wl,-Map=output.map -Wl,--gc-sections -o "lab01.elf" @"objects.list" /home/sam/Documents/senior_design/wherehouse/subsystems/communication/stm32_firmware/lab01/src/autotest.o  -lm
Finished building target: lab01.elf
 
make --no-print-directory post-build
Generating binary and Printing size information:
arm-none-eabi-objcopy -O binary "lab01.elf" "lab01.bin"
arm-none-eabi-size "lab01.elf"
   text	   data	    bss	    dec	    hex	filename
   1420	   1080	   1092	   3592	    e08	lab01.elf
 

12:29:47 Build Finished (took 2s.50ms)

