13:17:10 **** Incremental Build of configuration Debug for project lab10 ****
make -j4 all 
Building file: ../src/main.c
Invoking: MCU GCC Compiler
/home/sam/Documents/ece36200_workspace/lab10/Debug
arm-none-eabi-gcc -mcpu=cortex-m0 -mthumb -mfloat-abi=soft -DSTM32 -DSTM32F0 -DSTM32F091RCTx -DDEBUG -DSTM32F091 -DUSE_STDPERIPH_DRIVER -I"/home/sam/Documents/ece36200_workspace/lab10/StdPeriph_Driver/inc" -I"/home/sam/Documents/ece36200_workspace/lab10/inc" -I"/home/sam/Documents/ece36200_workspace/lab10/CMSIS/device" -I"/home/sam/Documents/ece36200_workspace/lab10/CMSIS/core" -O0 -g3 -Wall -fmessage-length=0 -ffunction-sections -c -MMD -MP -MF"src/main.d" -MT"src/main.o" -o "src/main.o" "../src/main.c"
../src/main.c: In function 'interrupt_getchar':
../src/main.c:157:17: warning: unused variable 'u' [-Wunused-variable]
  USART_TypeDef *u = USART5;
                 ^
Finished building: ../src/main.c
 
Building target: lab10.elf
Invoking: MCU GCC Linker
arm-none-eabi-gcc -mcpu=cortex-m0 -mthumb -mfloat-abi=soft -T"/home/sam/Documents/ece36200_workspace/lab10/LinkerScript.ld" -Wl,-Map=output.map -Wl,--gc-sections -o "lab10.elf" @"objects.list"   -lm
Finished building target: lab10.elf
 
make --no-print-directory post-build
Generating binary and Printing size information:
arm-none-eabi-objcopy -O binary "lab10.elf" "lab10.bin"
arm-none-eabi-size "lab10.elf"
   text	   data	    bss	    dec	    hex	filename
  12528	   2136	   1316	  15980	   3e6c	lab10.elf
 

13:17:11 Build Finished (took 825ms)

