Archive member included to satisfy reference by file (symbol)

/home/sam/Ac6/SystemWorkbench/plugins/fr.ac6.mcu.externaltools.arm-none.linux64_1.17.0.201812190825/tools/compiler/bin/../lib/gcc/arm-none-eabi/7.3.1/thumb/v6-m/libgcc.a(_udivsi3.o)
                              StdPeriph_Driver/src/stm32f0xx_rcc.o (__aeabi_uidiv)
/home/sam/Ac6/SystemWorkbench/plugins/fr.ac6.mcu.externaltools.arm-none.linux64_1.17.0.201812190825/tools/compiler/bin/../lib/gcc/arm-none-eabi/7.3.1/thumb/v6-m/libgcc.a(_divsi3.o)
                              src/display.o (__aeabi_idiv)
/home/sam/Ac6/SystemWorkbench/plugins/fr.ac6.mcu.externaltools.arm-none.linux64_1.17.0.201812190825/tools/compiler/bin/../lib/gcc/arm-none-eabi/7.3.1/thumb/v6-m/libgcc.a(_dvmd_tls.o)
                              /home/sam/Ac6/SystemWorkbench/plugins/fr.ac6.mcu.externaltools.arm-none.linux64_1.17.0.201812190825/tools/compiler/bin/../lib/gcc/arm-none-eabi/7.3.1/thumb/v6-m/libgcc.a(_udivsi3.o) (__aeabi_idiv0)
/home/sam/Ac6/SystemWorkbench/plugins/fr.ac6.mcu.externaltools.arm-none.linux64_1.17.0.201812190825/tools/compiler/bin/../lib/gcc/arm-none-eabi/7.3.1/thumb/v6-m/libgcc.a(divsf3.o)
                              src/main.o (__aeabi_fdiv)
/home/sam/Ac6/SystemWorkbench/plugins/fr.ac6.mcu.externaltools.arm-none.linux64_1.17.0.201812190825/tools/compiler/bin/../lib/gcc/arm-none-eabi/7.3.1/thumb/v6-m/libgcc.a(fixsfsi.o)
                              src/main.o (__aeabi_f2iz)
/home/sam/Ac6/SystemWorkbench/plugins/fr.ac6.mcu.externaltools.arm-none.linux64_1.17.0.201812190825/tools/compiler/bin/../lib/gcc/arm-none-eabi/7.3.1/thumb/v6-m/libgcc.a(floatunsisf.o)
                              src/main.o (__aeabi_ui2f)
/home/sam/Ac6/SystemWorkbench/plugins/fr.ac6.mcu.externaltools.arm-none.linux64_1.17.0.201812190825/tools/compiler/bin/../lib/gcc/arm-none-eabi/7.3.1/thumb/v6-m/libgcc.a(truncdfsf2.o)
                              src/main.o (__aeabi_d2f)
/home/sam/Ac6/SystemWorkbench/plugins/fr.ac6.mcu.externaltools.arm-none.linux64_1.17.0.201812190825/tools/compiler/bin/../lib/gcc/arm-none-eabi/7.3.1/thumb/v6-m/libgcc.a(_clzsi2.o)
                              /home/sam/Ac6/SystemWorkbench/plugins/fr.ac6.mcu.externaltools.arm-none.linux64_1.17.0.201812190825/tools/compiler/bin/../lib/gcc/arm-none-eabi/7.3.1/thumb/v6-m/libgcc.a(divsf3.o) (__clzsi2)
/home/sam/Ac6/SystemWorkbench/plugins/fr.ac6.mcu.externaltools.arm-none.linux64_1.17.0.201812190825/tools/compiler/bin/../lib/gcc/arm-none-eabi/7.3.1/../../../../arm-none-eabi/lib/thumb/v6-m/libc.a(lib_a-atof.o)
                              src/main.o (atof)
/home/sam/Ac6/SystemWorkbench/plugins/fr.ac6.mcu.externaltools.arm-none.linux64_1.17.0.201812190825/tools/compiler/bin/../lib/gcc/arm-none-eabi/7.3.1/../../../../arm-none-eabi/lib/thumb/v6-m/libc.a(lib_a-errno.o)
                              src/syscalls.o (__errno)
/home/sam/Ac6/SystemWorkbench/plugins/fr.ac6.mcu.externaltools.arm-none.linux64_1.17.0.201812190825/tools/compiler/bin/../lib/gcc/arm-none-eabi/7.3.1/../../../../arm-none-eabi/lib/thumb/v6-m/libc.a(lib_a-exit.o)
                              /home/sam/Ac6/SystemWorkbench/plugins/fr.ac6.mcu.externaltools.arm-none.linux64_1.17.0.201812190825/tools/compiler/bin/../lib/gcc/arm-none-eabi/7.3.1/../../../../arm-none-eabi/lib/thumb/v6-m/crt0.o (exit)
/home/sam/Ac6/SystemWorkbench/plugins/fr.ac6.mcu.externaltools.arm-none.linux64_1.17.0.201812190825/tools/compiler/bin/../lib/gcc/arm-none-eabi/7.3.1/../../../../arm-none-eabi/lib/thumb/v6-m/libc.a(lib_a-fflush.o)
                              src/commands.o (fflush)
/home/sam/Ac6/SystemWorkbench/plugins/fr.ac6.mcu.externaltools.arm-none.linux64_1.17.0.201812190825/tools/compiler/bin/../lib/gcc/arm-none-eabi/7.3.1/../../../../arm-none-eabi/lib/thumb/v6-m/libc.a(lib_a-fgets.o)
                              src/commands.o (fgets)
/home/sam/Ac6/SystemWorkbench/plugins/fr.ac6.mcu.externaltools.arm-none.linux64_1.17.0.201812190825/tools/compiler/bin/../lib/gcc/arm-none-eabi/7.3.1/../../../../arm-none-eabi/lib/thumb/v6-m/libc.a(lib_a-findfp.o)
                              /home/sam/Ac6/SystemWorkbench/plugins/fr.ac6.mcu.externaltools.arm-none.linux64_1.17.0.201812190825/tools/compiler/bin/../lib/gcc/arm-none-eabi/7.3.1/../../../../arm-none-eabi/lib/thumb/v6-m/libc.a(lib_a-fflush.o) (__sinit)
/home/sam/Ac6/SystemWorkbench/plugins/fr.ac6.mcu.externaltools.arm-none.linux64_1.17.0.201812190825/tools/compiler/bin/../lib/gcc/arm-none-eabi/7.3.1/../../../../arm-none-eabi/lib/thumb/v6-m/libc.a(lib_a-freer.o)
                              /home/sam/Ac6/SystemWorkbench/plugins/fr.ac6.mcu.externaltools.arm-none.linux64_1.17.0.201812190825/tools/compiler/bin/../lib/gcc/arm-none-eabi/7.3.1/../../../../arm-none-eabi/lib/thumb/v6-m/libc.a(lib_a-fflush.o) (_free_r)
/home/sam/Ac6/SystemWorkbench/plugins/fr.ac6.mcu.externaltools.arm-none.linux64_1.17.0.201812190825/tools/compiler/bin/../lib/gcc/arm-none-eabi/7.3.1/../../../../arm-none-eabi/lib/thumb/v6-m/libc.a(lib_a-fwalk.o)
[...]
Memory Configuration

Name             Origin             Length             Attributes
RAM              0x0000000020000000 0x0000000000008000 xrw
ROM              0x0000000008000000 0x0000000000040000 xr
*default*        0x0000000000000000 0xffffffffffffffff

Linker script and memory map

LOAD /home/sam/Ac6/SystemWorkbench/plugins/fr.ac6.mcu.externaltools.arm-none.linux64_1.17.0.201812190825/tools/compiler/bin/../lib/gcc/arm-none-eabi/7.3.1/thumb/v6-m/crti.o
LOAD /home/sam/Ac6/SystemWorkbench/plugins/fr.ac6.mcu.externaltools.arm-none.linux64_1.17.0.201812190825/tools/compiler/bin/../lib/gcc/arm-none-eabi/7.3.1/thumb/v6-m/crtbegin.o
LOAD /home/sam/Ac6/SystemWorkbench/plugins/fr.ac6.mcu.externaltools.arm-none.linux64_1.17.0.201812190825/tools/compiler/bin/../lib/gcc/arm-none-eabi/7.3.1/../../../../arm-none-eabi/lib/thumb/v6-m/crt0.o
LOAD StdPeriph_Driver/src/stm32f0xx_adc.o
LOAD StdPeriph_Driver/src/stm32f0xx_can.o
LOAD StdPeriph_Driver/src/stm32f0xx_cec.o
LOAD StdPeriph_Driver/src/stm32f0xx_comp.o
LOAD StdPeriph_Driver/src/stm32f0xx_crc.o
LOAD StdPeriph_Driver/src/stm32f0xx_crs.o
LOAD StdPeriph_Driver/src/stm32f0xx_dac.o
LOAD StdPeriph_Driver/src/stm32f0xx_dbgmcu.o
LOAD StdPeriph_Driver/src/stm32f0xx_dma.o
LOAD StdPeriph_Driver/src/stm32f0xx_exti.o
LOAD StdPeriph_Driver/src/stm32f0xx_flash.o
LOAD StdPeriph_Driver/src/stm32f0xx_gpio.o
LOAD StdPeriph_Driver/src/stm32f0xx_i2c.o
LOAD StdPeriph_Driver/src/stm32f0xx_iwdg.o
LOAD StdPeriph_Driver/src/stm32f0xx_misc.o
LOAD StdPeriph_Driver/src/stm32f0xx_pwr.o
LOAD StdPeriph_Driver/src/stm32f0xx_rcc.o
LOAD StdPeriph_Driver/src/stm32f0xx_rtc.o
LOAD StdPeriph_Driver/src/stm32f0xx_spi.o
LOAD StdPeriph_Driver/src/stm32f0xx_syscfg.o
LOAD StdPeriph_Driver/src/stm32f0xx_tim.o
LOAD StdPeriph_Driver/src/stm32f0xx_usart.o
LOAD StdPeriph_Driver/src/stm32f0xx_wwdg.o
LOAD src/commands.o
LOAD src/diskio.o
LOAD src/display.o
LOAD src/epd.o
LOAD src/ff.o
LOAD src/fifo.o
LOAD src/main.o
LOAD src/misc.o
LOAD src/syscalls.o
LOAD src/system_stm32f0xx.o
LOAD src/tty.o
LOAD startup/startup_stm32.o
LOAD /home/sam/Ac6/SystemWorkbench/plugins/fr.ac6.mcu.externaltools.arm-none.linux64_1.17.0.201812190825/tools/compiler/bin/../lib/gcc/arm-none-eabi/7.3.1/../../../../arm-none-eabi/lib/thumb/v6-m/libm.a
START GROUP
LOAD /home/sam/Ac6/SystemWorkbench/plugins/fr.ac6.mcu.externaltools.arm-none.linux64_1.17.0.201812190825/tools/compiler/bin/../lib/gcc/arm-none-eabi/7.3.1/thumb/v6-m/libgcc.a
LOAD /home/sam/Ac6/SystemWorkbench/plugins/fr.ac6.mcu.externaltools.arm-none.linux64_1.17.0.201812190825/tools/compiler/bin/../lib/gcc/arm-none-eabi/7.3.1/../../../../arm-none-eabi/lib/thumb/v6-m/libc.a
END GROUP
LOAD /home/sam/Ac6/SystemWorkbench/plugins/fr.ac6.mcu.externaltools.arm-none.linux64_1.17.0.201812190825/tools/compiler/bin/../lib/gcc/arm-none-eabi/7.3.1/thumb/v6-m/crtend.o
LOAD /home/sam/Ac6/SystemWorkbench/plugins/fr.ac6.mcu.externaltools.arm-none.linux64_1.17.0.201812190825/tools/compiler/bin/../lib/gcc/arm-none-eabi/7.3.1/thumb/v6-m/crtn.o
                0x0000000020008000                _estack = 0x20008000
                0x0000000000000000                _Min_Heap_Size = 0x0
                0x0000000000000400                _Min_Stack_Size = 0x400

.isr_vector     0x0000000008000000       0xc0
                0x0000000008000000                . = ALIGN (0x4)
 *(.isr_vector)
 .isr_vector    0x0000000008000000       0xc0 startup/startup_stm32.o
                0x0000000008000000                g_pfnVectors
                0x00000000080000c0                . = ALIGN (0x4)

.text           0x00000000080000c0     0xd0e0
                0x00000000080000c0                . = ALIGN (0x4)
 *(.text)
 .text          0x00000000080000c0       0x48 /home/sam/Ac6/SystemWorkbench/plugins/fr.ac6.mcu.externaltools.arm-none.linux64_1.17.0.201812190825/tools/compiler/bin/../lib/gcc/arm-none-eabi/7.3.1/thumb/v6-m/crtbegin.o
 .text          0x0000000008000108      0x114 /home/sam/Ac6/SystemWorkbench/plugins/fr.ac6.mcu.externaltools.arm-none.linux64_1.17.0.201812190825/tools/compiler/bin/../lib/gcc/arm-none-eabi/7.3.1/thumb/v6-m/libgcc.a(_udivsi3.o)
                0x0000000008000108                __udivsi3
                0x0000000008000108                __aeabi_uidiv
                0x0000000008000214                __aeabi_uidivmod
 .text          0x000000000800021c      0x1d4 /home/sam/Ac6/SystemWorkbench/plugins/fr.ac6.mcu.externaltools.arm-none.linux64_1.17.0.201812190825/tools/compiler/bin/../lib/gcc/arm-none-eabi/7.3.1/thumb/v6-m/libgcc.a(_divsi3.o)
                0x000000000800021c                __aeabi_idiv
                0x000000000800021c                __divsi3
                0x00000000080003e8                __aeabi_idivmod
 .text          0x00000000080003f0        0x4 /home/sam/Ac6/SystemWorkbench/plugins/fr.ac6.mcu.externaltools.arm-none.linux64_1.17.0.201812190825/tools/compiler/bin/../lib/gcc/arm-none-eabi/7.3.1/thumb/v6-m/libgcc.a(_dvmd_tls.o)
                0x00000000080003f0                __aeabi_ldiv0
                0x00000000080003f0                __aeabi_idiv0
 .text          0x00000000080003f4      0x224 /home/sam/Ac6/SystemWorkbench/plugins/fr.ac6.mcu.externaltools.arm-none.linux64_1.17.0.201812190825/tools/compiler/bin/../lib/gcc/arm-none-eabi/7.3.1/thumb/v6-m/libgcc.a(divsf3.o)
                0x00000000080003f4                __aeabi_fdiv
 .text          0x0000000008000618       0x40 /home/sam/Ac6/SystemWorkbench/plugins/fr.ac6.mcu.externaltools.arm-none.linux64_1.17.0.201812190825/tools/compiler/bin/../lib/gcc/arm-none-eabi/7.3.1/thumb/v6-m/libgcc.a(fixsfsi.o)
                0x0000000008000618                __aeabi_f2iz
 .text          0x0000000008000658       0x80 /home/sam/Ac6/SystemWorkbench/plugins/fr.ac6.mcu.externaltools.arm-none.linux64_1.17.0.201812190825/tools/compiler/bin/../lib/gcc/arm-none-eabi/7.3.1/thumb/v6-m/libgcc.a(floatunsisf.o)
                0x0000000008000658                __aeabi_ui2f
 .text          0x00000000080006d8      0x108 /home/sam/Ac6/SystemWorkbench/plugins/fr.ac6.mcu.externaltools.arm-none.linux64_1.17.0.201812190825/tools/compiler/bin/../lib/gcc/arm-none-eabi/7.3.1/thumb/v6-m/libgcc.a(truncdfsf2.o)
                0x00000000080006d8                __aeabi_d2f
 .text          0x00000000080007e0       0x3c /home/sam/Ac6/SystemWorkbench/plugins/fr.ac6.mcu.externaltools.arm-none.linux64_1.17.0.201812190825/tools/compiler/bin/../lib/gcc/arm-none-eabi/7.3.1/thumb/v6-m/libgcc.a(_clzsi2.o)
                0x00000000080007e0                __clzsi2
 .text          0x000000000800081c       0x88 /home/sam/Ac6/SystemWorkbench/plugins/fr.ac6.mcu.externaltools.arm-none.linux64_1.17.0.201812190825/tools/compiler/bin/../lib/gcc/arm-none-eabi/7.3.1/../../../../arm-none-eabi/lib/thumb/v6-m/libc.a(lib_a-strcmp.o)
                0x000000000800081c                strcmp
 .text          0x00000000080008a4       0x7c /home/sam/Ac6/SystemWorkbench/plugins/fr.ac6.mcu.externaltools.arm-none.linux64_1.17.0.201812190825/tools/compiler/bin/../lib/gcc/arm-none-eabi/7.3.1/thumb/v6-m/libgcc.a(_arm_cmpdf2.o)
                0x00000000080008a4                __aeabi_cdrcmple
                0x00000000080008b4                __aeabi_cdcmple
                0x00000000080008b4                __aeabi_cdcmpeq
                0x00000000080008c4                __aeabi_dcmpeq
                0x00000000080008d0                __aeabi_dcmplt
                0x00000000080008e4                __aeabi_dcmple
                0x00000000080008f8                __aeabi_dcmpgt
                0x000000000800090c                __aeabi_dcmpge
 .text          0x0000000008000920       0x40 /home/sam/Ac6/SystemWorkbench/plugins/fr.ac6.mcu.externaltools.arm-none.linux64_1.17.0.201812190825/tools/compiler/bin/../lib/gcc/arm-none-eabi/7.3.1/thumb/v6-m/libgcc.a(_aeabi_uldivmod.o)
                0x0000000008000920                __aeabi_uldivmod
 .text          0x0000000008000960       0x3c /home/sam/Ac6/SystemWorkbench/plugins/fr.ac6.mcu.externaltools.arm-none.linux64_1.17.0.201812190825/tools/compiler/bin/../lib/gcc/arm-none-eabi/7.3.1/thumb/v6-m/libgcc.a(_fixunsdfsi.o)
                0x0000000008000960                __fixunsdfsi
                0x0000000008000960                __aeabi_d2uiz
 .text          0x000000000800099c      0x184 /home/sam/Ac6/SystemWorkbench/plugins/fr.ac6.mcu.externaltools.arm-none.linux64_1.17.0.201812190825/tools/compiler/bin/../lib/gcc/arm-none-eabi/7.3.1/thumb/v6-m/libgcc.a(_udivmoddi4.o)
                0x000000000800099c                __udivmoddi4
 .text          0x0000000008000b20      0x638 /home/sam/Ac6/SystemWorkbench/plugins/fr.ac6.mcu.externaltools.arm-none.linux64_1.17.0.201812190825/tools/compiler/bin/../lib/gcc/arm-none-eabi/7.3.1/thumb/v6-m/libgcc.a(adddf3.o)
                0x0000000008000b20                __aeabi_dadd
 .text          0x0000000008001158      0x604 /home/sam/Ac6/SystemWorkbench/plugins/fr.ac6.mcu.externaltools.arm-none.linux64_1.17.0.201812190825/tools/compiler/bin/../lib/gcc/arm-none-eabi/7.3.1/thumb/v6-m/libgcc.a(divdf3.o)
                0x0000000008001158                __aeabi_ddiv
 .text          0x000000000800175c       0x78 /home/sam/Ac6/SystemWorkbench/plugins/fr.ac6.mcu.externaltools.arm-none.linux64_1.17.0.201812190825/tools/compiler/bin/../lib/gcc/arm-none-eabi/7.3.1/thumb/v6-m/libgcc.a(eqdf2.o)
                0x000000000800175c                __eqdf2
                0x000000000800175c                __nedf2
 .text          0x00000000080017d4       0xc8 /home/sam/Ac6/SystemWorkbench/plugins/fr.ac6.mcu.externaltools.arm-none.linux64_1.17.0.201812190825/tools/compiler/bin/../lib/gcc/arm-none-eabi/7.3.1/thumb/v6-m/libgcc.a(gedf2.o)
                0x00000000080017d4                __gtdf2
                0x00000000080017d4                __gedf2
 .text          0x000000000800189c       0xd0 /home/sam/Ac6/SystemWorkbench/plugins/fr.ac6.mcu.externaltools.arm-none.linux64_1.17.0.201812190825/tools/compiler/bin/../lib/gcc/arm-none-eabi/7.3.1/thumb/v6-m/libgcc.a(ledf2.o)
                0x000000000800189c                __ltdf2
                0x000000000800189c                __ledf2
 .text          0x000000000800196c      0x4e4 /home/sam/Ac6/SystemWorkbench/plugins/fr.ac6.mcu.externaltools.arm-none.linux64_1.17.0.201812190825/tools/compiler/bin/../lib/gcc/arm-none-eabi/7.3.1/thumb/v6-m/libgcc.a(muldf3.o)
                0x000000000800196c                __aeabi_dmul
 .text          0x0000000008001e50      0x690 /home/sam/Ac6/SystemWorkbench/plugins/fr.ac6.mcu.externaltools.arm-none.linux64_1.17.0.201812190825/tools/compiler/bin/../lib/gcc/arm-none-eabi/7.3.1/thumb/v6-m/libgcc.a(subdf3.o)
                0x0000000008001e50                __aeabi_dsub
 .text          0x00000000080024e0       0x38 /home/sam/Ac6/SystemWorkbench/plugins/fr.ac6.mcu.externaltools.arm-none.linux64_1.17.0.201812190825/tools/compiler/bin/../lib/gcc/arm-none-eabi/7.3.1/thumb/v6-m/libgcc.a(unorddf2.o)
                0x00000000080024e0                __aeabi_dcmpun
 .text          0x0000000008002518       0x6c /home/sam/Ac6/SystemWorkbench/plugins/fr.ac6.mcu.externaltools.arm-none.linux64_1.17.0.201812190825/tools/compiler/bin/../lib/gcc/arm-none-eabi/7.3.1/thumb/v6-m/libgcc.a(fixdfsi.o)
                0x0000000008002518                __aeabi_d2iz
 .text          0x0000000008002584       0x74 /home/sam/Ac6/SystemWorkbench/plugins/fr.ac6.mcu.externaltools.arm-none.linux64_1.17.0.201812190825/tools/compiler/bin/../lib/gcc/arm-none-eabi/7.3.1/thumb/v6-m/libgcc.a(floatsidf.o)
                0x0000000008002584                __aeabi_i2d
 .text          0x00000000080025f8       0x64 /home/sam/Ac6/SystemWorkbench/plugins/fr.ac6.mcu.externaltools.arm-none.linux64_1.17.0.201812190825/tools/compiler/bin/../lib/gcc/arm-none-eabi/7.3.1/thumb/v6-m/libgcc.a(floatunsidf.o)
                0x00000000080025f8                __aeabi_ui2d
 .text          0x000000000800265c       0x18 /home/sam/Ac6/SystemWorkbench/plugins/fr.ac6.mcu.externaltools.arm-none.linux64_1.17.0.201812190825/tools/compiler/bin/../lib/gcc/arm-none-eabi/7.3.1/thumb/v6-m/libgcc.a(_clzdi2.o)
                0x000000000800265c                __clzdi2
 *(.text*)
 .text.DISPLAY_init
                0x0000000008002674       0x14 src/display.o
                0x0000000008002674                DISPLAY_init
 .text.DISPLAY_clear
                0x0000000008002688       0x18 src/display.o
                0x0000000008002688                DISPLAY_clear
 .text.DISPLAY_update
                0x00000000080026a0       0x16 src/display.o
                0x00000000080026a0                DISPLAY_update
 .text.DISPLAY_drawRect
                0x00000000080026b6       0x5c src/display.o
                0x00000000080026b6                DISPLAY_drawRect
 .text.DISPLAY_print
                0x0000000008002712       0x4a src/display.o
                0x0000000008002712                DISPLAY_print
 .text.DISPLAY_drawChar
                0x000000000800275c      0x17c src/display.o
                0x000000000800275c                DISPLAY_drawChar
 .text.mapChar  0x00000000080028d8       0xa2 src/display.o
                0x00000000080028d8                mapChar
 .text.nano_wait
                0x000000000800297a       0x18 src/epd.o
 *fill*         0x0000000008002992        0x2 
 .text.EPD_init
                0x0000000008002994       0x88 src/epd.o
                0x0000000008002994                EPD_init
 .text.setupGpio
                0x0000000008002a1c       0x64 src/epd.o
                0x0000000008002a1c                setupGpio
 .text.setupSpi
                0x0000000008002a80       0xb8 src/epd.o
                0x0000000008002a80                setupSpi
 .text.EPD_setReg
                0x0000000008002b38       0x54 src/epd.o
                0x0000000008002b38                EPD_setReg
 .text.EPD_sendByte
                0x0000000008002b8c       0x3c src/epd.o
                0x0000000008002b8c                EPD_sendByte
 .text.EPD_sendBuffer
                0x0000000008002bc8       0x90 src/epd.o
                0x0000000008002bc8                EPD_sendBuffer
 .text.EPD_update
                0x0000000008002c58       0x5e src/epd.o
                0x0000000008002c58                EPD_update
 .text.EPD_powerOff
                0x0000000008002cb6       0x24 src/epd.o
                0x0000000008002cb6                EPD_powerOff
 *fill*         0x0000000008002cda        0x2 
 .text.EPD_drawPixel
                0x0000000008002cdc       0xe4 src/epd.o
                0x0000000008002cdc                EPD_drawPixel
 .text.EPD_clear
                0x0000000008002dc0       0x74 src/epd.o
                0x0000000008002dc0                EPD_clear
 .text.fifo_empty
                0x0000000008002e34       0x2a src/fifo.o
                0x0000000008002e34                fifo_empty
 .text.fifo_full
                0x0000000008002e5e       0x3c src/fifo.o
                0x0000000008002e5e                fifo_full
 .text.fifo_insert
                0x0000000008002e9a       0x90 src/fifo.o
                0x0000000008002e9a                fifo_insert
 .text.fifo_uninsert
                0x0000000008002f2a       0x8c src/fifo.o
                0x0000000008002f2a                fifo_uninsert
 .text.fifo_newline
                0x0000000008002fb6       0x3a src/fifo.o
                0x0000000008002fb6                fifo_newline
 .text.fifo_remove
                0x0000000008002ff0       0x8c src/fifo.o
                0x0000000008002ff0                fifo_remove
 .text.config_pin
                0x000000000800307c       0x50 src/main.o
                0x000000000800307c                config_pin
 .text.config_afr
                0x00000000080030cc       0x86 src/main.o
                0x00000000080030cc                config_afr
 *fill*         0x0000000008003152        0x2 
 .text.setup_usart5
                0x0000000008003154       0xdc src/main.o
                0x0000000008003154                setup_usart5
 .text.enable_tty_interrupt
                0x0000000008003230       0x2c src/main.o
                0x0000000008003230                enable_tty_interrupt
 .text.setup_tim3
                0x000000000800325c       0x6c src/main.o
                0x000000000800325c                setup_tim3
 .text.TIM3_IRQHandler
                0x00000000080032c8       0xbc src/main.o
                0x00000000080032c8                TIM3_IRQHandler
 .text.better_putchar
                0x0000000008003384       0x44 src/main.o
                0x0000000008003384                better_putchar
 .text.interrupt_getchar
                0x00000000080033c8       0x3c src/main.o
                0x00000000080033c8                interrupt_getchar
 .text.__io_putchar
                0x0000000008003404       0x1a src/main.o
                0x0000000008003404                __io_putchar
 .text.__io_getchar
                0x000000000800341e       0x10 src/main.o
                0x000000000800341e                __io_getchar
 *fill*         0x000000000800342e        0x2 
 .text.USART3_4_5_6_7_8_IRQHandler
                0x0000000008003430       0x50 src/main.o
                0x0000000008003430                USART3_4_5_6_7_8_IRQHandler
 .text.char_response
                0x0000000008003480      0x110 src/main.o
                0x0000000008003480                char_response
 .text.parse_configuration
                0x0000000008003590       0xfc src/main.o
                0x0000000008003590                parse_configuration
 .text.wifi_sequence
                0x000000000800368c       0xf8 src/main.o
                0x000000000800368c                wifi_sequence
 .text.check_sequence
                0x0000000008003784       0x48 src/main.o
                0x0000000008003784                check_sequence
 .text.display_ui
                0x00000000080037cc      0x154 src/main.o
                0x00000000080037cc                display_ui
 .text.init_tim6
                0x0000000008003920       0x74 src/main.o
                0x0000000008003920                init_tim6
 .text.TIM6_DAC_IRQHandler
                0x0000000008003994       0x28 src/main.o
                0x0000000008003994                TIM6_DAC_IRQHandler
 .text.init_sensors
                0x00000000080039bc      0x164 src/main.o
                0x00000000080039bc                init_sensors
 .text.main     0x0000000008003b20      0x384 src/main.o
                0x0000000008003b20                main
 .text.dtostr   0x0000000008003ea4       0xd4 src/misc.o
                0x0000000008003ea4                dtostr
 .text._read    0x0000000008003f78       0x3a src/syscalls.o
                0x0000000008003f78                _read
 .text._write   0x0000000008003fb2       0x38 src/syscalls.o
                0x0000000008003fb2                _write
 *fill*         0x0000000008003fea        0x2 
 .text._sbrk    0x0000000008003fec       0x58 src/syscalls.o
                0x0000000008003fec                _sbrk
 .text._close   0x0000000008004044       0x14 src/syscalls.o
                0x0000000008004044                _close
 .text._fstat   0x0000000008004058       0x1c src/syscalls.o
                0x0000000008004058                _fstat
 .text._isatty  0x0000000008004074       0x12 src/syscalls.o
                0x0000000008004074                _isatty
 .text._lseek   0x0000000008004086       0x16 src/syscalls.o
                0x0000000008004086                _lseek
 .text._wait    0x000000000800409c       0x1e src/syscalls.o
                0x000000000800409c                _wait
 *fill*         0x00000000080040ba        0x2 
 .text.SystemInit
                0x00000000080040bc       0x8c src/system_stm32f0xx.o
                0x00000000080040bc                SystemInit
 .text.SetSysClock
                0x0000000008004148       0xe0 src/system_stm32f0xx.o
 .text.putstr   0x0000000008004228       0x28 src/tty.o
 .text.insert_echo_char
                0x0000000008004250      0x11c src/tty.o
                0x0000000008004250                insert_echo_char
 .text.Reset_Handler
                0x000000000800436c       0x50 startup/startup_stm32.o
                0x000000000800436c                Reset_Handler
 .text.Default_Handler
                0x00000000080043bc        0x2 startup/startup_stm32.o
                0x00000000080043bc                DMA1_CH4_5_6_7_DMA2_CH3_4_5_IRQHandler
                0x00000000080043bc                TIM1_CC_IRQHandler
                0x00000000080043bc                TSC_IRQHandler
                0x00000000080043bc                HardFault_Handler
                0x00000000080043bc                SysTick_Handler
                0x00000000080043bc                PVD_IRQHandler
                0x00000000080043bc                PendSV_Handler
                0x00000000080043bc                NMI_Handler
                0x00000000080043bc                I2C1_IRQHandler
                0x00000000080043bc                RCC_CRS_IRQHandler
                0x00000000080043bc                SPI1_IRQHandler
                0x00000000080043bc                EXTI2_3_IRQHandler
                0x00000000080043bc                I2C2_IRQHandler
                0x00000000080043bc                TIM17_IRQHandler
                0x00000000080043bc                CEC_CAN_IRQHandler
                0x00000000080043bc                RTC_IRQHandler
                0x00000000080043bc                TIM16_IRQHandler
                0x00000000080043bc                EXTI4_15_IRQHandler
                0x00000000080043bc                Default_Handler
                0x00000000080043bc                DMA1_CH2_3_DMA2_CH1_2_IRQHandler
                0x00000000080043bc                TIM14_IRQHandler
                0x00000000080043bc                TIM7_IRQHandler
                0x00000000080043bc                TIM15_IRQHandler
                0x00000000080043bc                EXTI0_1_IRQHandler
                0x00000000080043bc                USB_IRQHandler
                0x00000000080043bc                SPI2_IRQHandler
                0x00000000080043bc                DMA1_CH1_IRQHandler
                0x00000000080043bc                SVC_Handler
                0x00000000080043bc                WWDG_IRQHandler
                0x00000000080043bc                TIM2_IRQHandler
                0x00000000080043bc                ADC_COMP_IRQHandler
                0x00000000080043bc                USART2_IRQHandler
                0x00000000080043bc                FLASH_IRQHandler
                0x00000000080043bc                USART1_IRQHandler
                0x00000000080043bc                TIM1_BRK_UP_TRG_COM_IRQHandler
 *fill*         0x00000000080043be        0x2 
 .text.atof     0x00000000080043c0        0xc /home/sam/Ac6/SystemWorkbench/plugins/fr.ac6.mcu.externaltools.arm-none.linux64_1.17.0.201812190825/tools/compiler/bin/../lib/gcc/arm-none-eabi/7.3.1/../../../../arm-none-eabi/lib/thumb/v6-m/libc.a(lib_a-atof.o)
                0x00000000080043c0                atof
 .text.__errno  0x00000000080043cc        0xc /home/sam/Ac6/SystemWorkbench/plugins/fr.ac6.mcu.externaltools.arm-none.linux64_1.17.0.201812190825/tools/compiler/bin/../lib/gcc/arm-none-eabi/7.3.1/../../../../arm-none-eabi/lib/thumb/v6-m/libc.a(lib_a-errno.o)
                0x00000000080043cc                __errno
 .text.__sflush_r
                0x00000000080043d8      0x150 /home/sam/Ac6/SystemWorkbench/plugins/fr.ac6.mcu.externaltools.arm-none.linux64_1.17.0.201812190825/tools/compiler/bin/../lib/gcc/arm-none-eabi/7.3.1/../../../../arm-none-eabi/lib/thumb/v6-m/libc.a(lib_a-fflush.o)
                0x00000000080043d8                __sflush_r
 .text._fflush_r
                0x0000000008004528       0x54 /home/sam/Ac6/SystemWorkbench/plugins/fr.ac6.mcu.externaltools.arm-none.linux64_1.17.0.201812190825/tools/compiler/bin/../lib/gcc/arm-none-eabi/7.3.1/../../../../arm-none-eabi/lib/thumb/v6-m/libc.a(lib_a-fflush.o)
                0x0000000008004528                _fflush_r
 .text.fflush   0x000000000800457c       0x28 /home/sam/Ac6/SystemWorkbench/plugins/fr.ac6.mcu.externaltools.arm-none.linux64_1.17.0.201812190825/tools/compiler/bin/../lib/gcc/arm-none-eabi/7.3.1/../../../../arm-none-eabi/lib/thumb/v6-m/libc.a(lib_a-fflush.o)
                0x000000000800457c                fflush
 .text._fgets_r
                0x00000000080045a4      0x104 /home/sam/Ac6/SystemWorkbench/plugins/fr.ac6.mcu.externaltools.arm-none.linux64_1.17.0.201812190825/tools/compiler/bin/../lib/gcc/arm-none-eabi/7.3.1/../../../../arm-none-eabi/lib/thumb/v6-m/libc.a(lib_a-fgets.o)
                0x00000000080045a4                _fgets_r
 .text.fgets    0x00000000080046a8       0x18 /home/sam/Ac6/SystemWorkbench/plugins/fr.ac6.mcu.externaltools.arm-none.linux64_1.17.0.201812190825/tools/compiler/bin/../lib/gcc/arm-none-eabi/7.3.1/../../../../arm-none-eabi/lib/thumb/v6-m/libc.a(lib_a-fgets.o)
                0x00000000080046a8                fgets
 .text.std      0x00000000080046c0       0x50 /home/sam/Ac6/SystemWorkbench/plugins/fr.ac6.mcu.externaltools.arm-none.linux64_1.17.0.201812190825/tools/compiler/bin/../lib/gcc/arm-none-eabi/7.3.1/../../../../arm-none-eabi/lib/thumb/v6-m/libc.a(lib_a-findfp.o)
 .text._cleanup_r
                0x0000000008004710       0x10 /home/sam/Ac6/SystemWorkbench/plugins/fr.ac6.mcu.externaltools.arm-none.linux64_1.17.0.201812190825/tools/compiler/bin/../lib/gcc/arm-none-eabi/7.3.1/../../../../arm-none-eabi/lib/thumb/v6-m/libc.a(lib_a-findfp.o)
                0x0000000008004710                _cleanup_r
 .text.__sinit  0x0000000008004720       0x60 /home/sam/Ac6/SystemWorkbench/plugins/fr.ac6.mcu.externaltools.arm-none.linux64_1.17.0.201812190825/tools/compiler/bin/../lib/gcc/arm-none-eabi/7.3.1/../../../../arm-none-eabi/lib/thumb/v6-m/libc.a(lib_a-findfp.o)
                0x0000000008004720                __sinit
 .text.__sfp_lock_acquire
                0x0000000008004780       0x10 /home/sam/Ac6/SystemWorkbench/plugins/fr.ac6.mcu.externaltools.arm-none.linux64_1.17.0.201812190825/tools/compiler/bin/../lib/gcc/arm-none-eabi/7.3.1/../../../../arm-none-eabi/lib/thumb/v6-m/libc.a(lib_a-findfp.o)
                0x0000000008004780                __sfp_lock_acquire
 .text.__sfp_lock_release
                0x0000000008004790       0x10 /home/sam/Ac6/SystemWorkbench/plugins/fr.ac6.mcu.externaltools.arm-none.linux64_1.17.0.201812190825/tools/compiler/bin/../lib/gcc/arm-none-eabi/7.3.1/../../../../arm-none-eabi/lib/thumb/v6-m/libc.a(lib_a-findfp.o)
                0x0000000008004790                __sfp_lock_release
 .text._malloc_trim_r
                0x00000000080047a0       0xa0 /home/sam/Ac6/SystemWorkbench/plugins/fr.ac6.mcu.externaltools.arm-none.linux64_1.17.0.201812190825/tools/compiler/bin/../lib/gcc/arm-none-eabi/7.3.1/../../../../arm-none-eabi/lib/thumb/v6-m/libc.a(lib_a-freer.o)
                0x00000000080047a0                _malloc_trim_r
 .text._free_r  0x0000000008004840      0x1d4 /home/sam/Ac6/SystemWorkbench/plugins/fr.ac6.mcu.externaltools.arm-none.linux64_1.17.0.201812190825/tools/compiler/bin/../lib/gcc/arm-none-eabi/7.3.1/../../../../arm-none-eabi/lib/thumb/v6-m/libc.a(lib_a-freer.o)
                0x0000000008004840                _free_r
 .text._fwalk   0x0000000008004a14       0x44 /home/sam/Ac6/SystemWorkbench/plugins/fr.ac6.mcu.externaltools.arm-none.linux64_1.17.0.201812190825/tools/compiler/bin/../lib/gcc/arm-none-eabi/7.3.1/../../../../arm-none-eabi/lib/thumb/v6-m/libc.a(lib_a-fwalk.o)
                0x0000000008004a14                _fwalk
 .text._fwalk_reent
                0x0000000008004a58       0x4c /home/sam/Ac6/SystemWorkbench/plugins/fr.ac6.mcu.externaltools.arm-none.linux64_1.17.0.201812190825/tools/compiler/bin/../lib/gcc/arm-none-eabi/7.3.1/../../../../arm-none-eabi/lib/thumb/v6-m/libc.a(lib_a-fwalk.o)
                0x0000000008004a58                _fwalk_reent
 .text.__libc_init_array
                0x0000000008004aa4       0x48 /home/sam/Ac6/SystemWorkbench/plugins/fr.ac6.mcu.externaltools.arm-none.linux64_1.17.0.201812190825/tools/compiler/bin/../lib/gcc/arm-none-eabi/7.3.1/../../../../arm-none-eabi/lib/thumb/v6-m/libc.a(lib_a-init.o)
                0x0000000008004aa4                __libc_init_array
 .text.__retarget_lock_init_recursive
                0x0000000008004aec        0x4 /home/sam/Ac6/SystemWorkbench/plugins/fr.ac6.mcu.externaltools.arm-none.linux64_1.17.0.201812190825/tools/compiler/bin/../lib/gcc/arm-none-eabi/7.3.1/../../../../arm-none-eabi/lib/thumb/v6-m/libc.a(lib_a-lock.o)
                0x0000000008004aec                __retarget_lock_init_recursive
 .text.__retarget_lock_close_recursive
                0x0000000008004af0        0x4 /home/sam/Ac6/SystemWorkbench/plugins/fr.ac6.mcu.externaltools.arm-none.linux64_1.17.0.201812190825/tools/compiler/bin/../lib/gcc/arm-none-eabi/7.3.1/../../../../arm-none-eabi/lib/thumb/v6-m/libc.a(lib_a-lock.o)
                0x0000000008004af0                __retarget_lock_close_recursive
 .text.__retarget_lock_acquire_recursive
                0x0000000008004af4        0x4 /home/sam/Ac6/SystemWorkbench/plugins/fr.ac6.mcu.externaltools.arm-none.linux64_1.17.0.201812190825/tools/compiler/bin/../lib/gcc/arm-none-eabi/7.3.1/../../../../arm-none-eabi/lib/thumb/v6-m/libc.a(lib_a-lock.o)
                0x0000000008004af4                __retarget_lock_acquire_recursive
 .text.__retarget_lock_release_recursive
                0x0000000008004af8        0x4 /home/sam/Ac6/SystemWorkbench/plugins/fr.ac6.mcu.externaltools.arm-none.linux64_1.17.0.201812190825/tools/compiler/bin/../lib/gcc/arm-none-eabi/7.3.1/../../../../arm-none-eabi/lib/thumb/v6-m/libc.a(lib_a-lock.o)
                0x0000000008004af8                __retarget_lock_release_recursive
 .text._malloc_r
                0x0000000008004afc      0x554 /home/sam/Ac6/SystemWorkbench/plugins/fr.ac6.mcu.externaltools.arm-none.linux64_1.17.0.201812190825/tools/compiler/bin/../lib/gcc/arm-none-eabi/7.3.1/../../../../arm-none-eabi/lib/thumb/v6-m/libc.a(lib_a-mallocr.o)
                0x0000000008004afc                _malloc_r
 .text.memchr   0x0000000008005050       0x80 /home/sam/Ac6/SystemWorkbench/plugins/fr.ac6.mcu.externaltools.arm-none.linux64_1.17.0.201812190825/tools/compiler/bin/../lib/gcc/arm-none-eabi/7.3.1/../../../../arm-none-eabi/lib/thumb/v6-m/libc.a(lib_a-memchr-stub.o)
                0x0000000008005050                memchr
 .text.memcpy   0x00000000080050d0       0x88 /home/sam/Ac6/SystemWorkbench/plugins/fr.ac6.mcu.externaltools.arm-none.linux64_1.17.0.201812190825/tools/compiler/bin/../lib/gcc/arm-none-eabi/7.3.1/../../../../arm-none-eabi/lib/thumb/v6-m/libc.a(lib_a-memcpy-stub.o)
                0x00000000080050d0                memcpy
 .text.memset   0x0000000008005158       0x9c /home/sam/Ac6/SystemWorkbench/plugins/fr.ac6.mcu.externaltools.arm-none.linux64_1.17.0.201812190825/tools/compiler/bin/../lib/gcc/arm-none-eabi/7.3.1/../../../../arm-none-eabi/lib/thumb/v6-m/libc.a(lib_a-memset.o)
                0x0000000008005158                memset
 .text.__malloc_lock
                0x00000000080051f4       0x10 /home/sam/Ac6/SystemWorkbench/plugins/fr.ac6.mcu.externaltools.arm-none.linux64_1.17.0.201812190825/tools/compiler/bin/../lib/gcc/arm-none-eabi/7.3.1/../../../../arm-none-eabi/lib/thumb/v6-m/libc.a(lib_a-mlock.o)
                0x00000000080051f4                __malloc_lock
 .text.__malloc_unlock
                0x0000000008005204       0x10 /home/sam/Ac6/SystemWorkbench/plugins/fr.ac6.mcu.externaltools.arm-none.linux64_1.17.0.201812190825/tools/compiler/bin/../lib/gcc/arm-none-eabi/7.3.1/../../../../arm-none-eabi/lib/thumb/v6-m/libc.a(lib_a-mlock.o)
                0x0000000008005204                __malloc_unlock
 .text.printf   0x0000000008005214       0x24 /home/sam/Ac6/SystemWorkbench/plugins/fr.ac6.mcu.externaltools.arm-none.linux64_1.17.0.201812190825/tools/compiler/bin/../lib/gcc/arm-none-eabi/7.3.1/../../../../arm-none-eabi/lib/thumb/v6-m/libc.a(lib_a-printf.o)
                0x0000000008005214                printf
 .text.lflush   0x0000000008005238       0x1c /home/sam/Ac6/SystemWorkbench/plugins/fr.ac6.mcu.externaltools.arm-none.linux64_1.17.0.201812190825/tools/compiler/bin/../lib/gcc/arm-none-eabi/7.3.1/../../../../arm-none-eabi/lib/thumb/v6-m/libc.a(lib_a-refill.o)
 .text.__srefill_r
                0x0000000008005254      0x124 /home/sam/Ac6/SystemWorkbench/plugins/fr.ac6.mcu.externaltools.arm-none.linux64_1.17.0.201812190825/tools/compiler/bin/../lib/gcc/arm-none-eabi/7.3.1/../../../../arm-none-eabi/lib/thumb/v6-m/libc.a(lib_a-refill.o)
                0x0000000008005254                __srefill_r
 .text._sbrk_r  0x0000000008005378       0x24 /home/sam/Ac6/SystemWorkbench/plugins/fr.ac6.mcu.externaltools.arm-none.linux64_1.17.0.201812190825/tools/compiler/bin/../lib/gcc/arm-none-eabi/7.3.1/../../../../arm-none-eabi/lib/thumb/v6-m/libc.a(lib_a-sbrkr.o)
                0x0000000008005378                _sbrk_r
 .text.setbuf   0x000000000800539c       0x14 /home/sam/Ac6/SystemWorkbench/plugins/fr.ac6.mcu.externaltools.arm-none.linux64_1.17.0.201812190825/tools/compiler/bin/../lib/gcc/arm-none-eabi/7.3.1/../../../../arm-none-eabi/lib/thumb/v6-m/libc.a(lib_a-setbuf.o)
                0x000000000800539c                setbuf
 .text.setvbuf  0x00000000080053b0      0x198 /home/sam/Ac6/SystemWorkbench/plugins/fr.ac6.mcu.externaltools.arm-none.linux64_1.17.0.201812190825/tools/compiler/bin/../lib/gcc/arm-none-eabi/7.3.1/../../../../arm-none-eabi/lib/thumb/v6-m/libc.a(lib_a-setvbuf.o)
                0x00000000080053b0                setvbuf
 .text.sprintf  0x0000000008005548       0x40 /home/sam/Ac6/SystemWorkbench/plugins/fr.ac6.mcu.externaltools.arm-none.linux64_1.17.0.201812190825/tools/compiler/bin/../lib/gcc/arm-none-eabi/7.3.1/../../../../arm-none-eabi/lib/thumb/v6-m/libc.a(lib_a-sprintf.o)
                0x0000000008005548                sprintf
 .text.__sread  0x0000000008005588       0x28 /home/sam/Ac6/SystemWorkbench/plugins/fr.ac6.mcu.externaltools.arm-none.linux64_1.17.0.201812190825/tools/compiler/bin/../lib/gcc/arm-none-eabi/7.3.1/../../../../arm-none-eabi/lib/thumb/v6-m/libc.a(lib_a-stdio.o)
                0x0000000008005588                __sread
 .text.__swrite
                0x00000000080055b0       0x3c /home/sam/Ac6/SystemWorkbench/plugins/fr.ac6.mcu.externaltools.arm-none.linux64_1.17.0.201812190825/tools/compiler/bin/../lib/gcc/arm-none-eabi/7.3.1/../../../../arm-none-eabi/lib/thumb/v6-m/libc.a(lib_a-stdio.o)
                0x00000000080055b0                __swrite
 .text.__sseek  0x00000000080055ec       0x2c /home/sam/Ac6/SystemWorkbench/plugins/fr.ac6.mcu.externaltools.arm-none.linux64_1.17.0.201812190825/tools/compiler/bin/../lib/gcc/arm-none-eabi/7.3.1/../../../../arm-none-eabi/lib/thumb/v6-m/libc.a(lib_a-stdio.o)
                0x00000000080055ec                __sseek
 .text.__sclose
                0x0000000008005618        0xc /home/sam/Ac6/SystemWorkbench/plugins/fr.ac6.mcu.externaltools.arm-none.linux64_1.17.0.201812190825/tools/compiler/bin/../lib/gcc/arm-none-eabi/7.3.1/../../../../arm-none-eabi/lib/thumb/v6-m/libc.a(lib_a-stdio.o)
                0x0000000008005618                __sclose
 .text.strcpy   0x0000000008005624       0x10 /home/sam/Ac6/SystemWorkbench/plugins/fr.ac6.mcu.externaltools.arm-none.linux64_1.17.0.201812190825/tools/compiler/bin/../lib/gcc/arm-none-eabi/7.3.1/../../../../arm-none-eabi/lib/thumb/v6-m/libc.a(lib_a-strcpy.o)
                0x0000000008005624                strcpy
 .text.strlen   0x0000000008005634       0x64 /home/sam/Ac6/SystemWorkbench/plugins/fr.ac6.mcu.externaltools.arm-none.linux64_1.17.0.201812190825/tools/compiler/bin/../lib/gcc/arm-none-eabi/7.3.1/../../../../arm-none-eabi/lib/thumb/v6-m/libc.a(lib_a-strlen-stub.o)
                0x0000000008005634                strlen
 .text.strncpy  0x0000000008005698       0x8c /home/sam/Ac6/SystemWorkbench/plugins/fr.ac6.mcu.externaltools.arm-none.linux64_1.17.0.201812190825/tools/compiler/bin/../lib/gcc/arm-none-eabi/7.3.1/../../../../arm-none-eabi/lib/thumb/v6-m/libc.a(lib_a-strncpy.o)
                0x0000000008005698                strncpy
 .text.unlikely.sulp
                0x0000000008005724       0x30 /home/sam/Ac6/SystemWorkbench/plugins/fr.ac6.mcu.externaltools.arm-none.linux64_1.17.0.201812190825/tools/compiler/bin/../lib/gcc/arm-none-eabi/7.3.1/../../../../arm-none-eabi/lib/thumb/v6-m/libc.a(lib_a-strtod.o)
 .text._strtod_l
                0x0000000008005754      0xe6c /home/sam/Ac6/SystemWorkbench/plugins/fr.ac6.mcu.externaltools.arm-none.linux64_1.17.0.201812190825/tools/compiler/bin/../lib/gcc/arm-none-eabi/7.3.1/../../../../arm-none-eabi/lib/thumb/v6-m/libc.a(lib_a-strtod.o)
                0x0000000008005754                _strtod_l
 .text.strtod   0x00000000080065c0       0x24 /home/sam/Ac6/SystemWorkbench/plugins/fr.ac6.mcu.externaltools.arm-none.linux64_1.17.0.201812190825/tools/compiler/bin/../lib/gcc/arm-none-eabi/7.3.1/../../../../arm-none-eabi/lib/thumb/v6-m/libc.a(lib_a-strtod.o)
                0x00000000080065c0                strtod
 .text._svfprintf_r
                0x00000000080065e4     0x1b6c /home/sam/Ac6/SystemWorkbench/plugins/fr.ac6.mcu.externaltools.arm-none.linux64_1.17.0.201812190825/tools/compiler/bin/../lib/gcc/arm-none-eabi/7.3.1/../../../../arm-none-eabi/lib/thumb/v6-m/libc.a(lib_a-svfprintf.o)
                0x00000000080065e4                _svfprintf_r
 .text.wait     0x0000000008008150       0x14 /home/sam/Ac6/SystemWorkbench/plugins/fr.ac6.mcu.externaltools.arm-none.linux64_1.17.0.201812190825/tools/compiler/bin/../lib/gcc/arm-none-eabi/7.3.1/../../../../arm-none-eabi/lib/thumb/v6-m/libc.a(lib_a-syswait.o)
                0x0000000008008150                wait
 .text._vfprintf_r
                0x0000000008008164     0x1c10 /home/sam/Ac6/SystemWorkbench/plugins/fr.ac6.mcu.externaltools.arm-none.linux64_1.17.0.201812190825/tools/compiler/bin/../lib/gcc/arm-none-eabi/7.3.1/../../../../arm-none-eabi/lib/thumb/v6-m/libc.a(lib_a-vfprintf.o)
                0x0000000008008164                _vfprintf_r
 .text.__sbprintf
                0x0000000008009d74       0x88 /home/sam/Ac6/SystemWorkbench/plugins/fr.ac6.mcu.externaltools.arm-none.linux64_1.17.0.201812190825/tools/compiler/bin/../lib/gcc/arm-none-eabi/7.3.1/../../../../arm-none-eabi/lib/thumb/v6-m/libc.a(lib_a-vfprintf.o)
 .text._write_r
                0x0000000008009dfc       0x28 /home/sam/Ac6/SystemWorkbench/plugins/fr.ac6.mcu.externaltools.arm-none.linux64_1.17.0.201812190825/tools/compiler/bin/../lib/gcc/arm-none-eabi/7.3.1/../../../../arm-none-eabi/lib/thumb/v6-m/libc.a(lib_a-writer.o)
                0x0000000008009dfc                _write_r
 .text.__swsetup_r
                0x0000000008009e24       0xd4 /home/sam/Ac6/SystemWorkbench/plugins/fr.ac6.mcu.externaltools.arm-none.linux64_1.17.0.201812190825/tools/compiler/bin/../lib/gcc/arm-none-eabi/7.3.1/../../../../arm-none-eabi/lib/thumb/v6-m/libc.a(lib_a-wsetup.o)
                0x0000000008009e24                __swsetup_r
 .text.startup.register_fini
                0x0000000008009ef8       0x18 /home/sam/Ac6/SystemWorkbench/plugins/fr.ac6.mcu.externaltools.arm-none.linux64_1.17.0.201812190825/tools/compiler/bin/../lib/gcc/arm-none-eabi/7.3.1/../../../../arm-none-eabi/lib/thumb/v6-m/libc.a(lib_a-__call_atexit.o)
 .text.atexit   0x0000000008009f10       0x10 /home/sam/Ac6/SystemWorkbench/plugins/fr.ac6.mcu.externaltools.arm-none.linux64_1.17.0.201812190825/tools/compiler/bin/../lib/gcc/arm-none-eabi/7.3.1/../../../../arm-none-eabi/lib/thumb/v6-m/libc.a(lib_a-atexit.o)
                0x0000000008009f10                atexit
 .text._close_r
                0x0000000008009f20       0x24 /home/sam/Ac6/SystemWorkbench/plugins/fr.ac6.mcu.externaltools.arm-none.linux64_1.17.0.201812190825/tools/compiler/bin/../lib/gcc/arm-none-eabi/7.3.1/../../../../arm-none-eabi/lib/thumb/v6-m/libc.a(lib_a-closer.o)
                0x0000000008009f20                _close_r
 .text.quorem   0x0000000008009f44      0x154 /home/sam/Ac6/SystemWorkbench/plugins/fr.ac6.mcu.externaltools.arm-none.linux64_1.17.0.201812190825/tools/compiler/bin/../lib/gcc/arm-none-eabi/7.3.1/../../../../arm-none-eabi/lib/thumb/v6-m/libc.a(lib_a-dtoa.o)
 .text._dtoa_r  0x000000000800a098      0xf4c /home/sam/Ac6/SystemWorkbench/plugins/fr.ac6.mcu.externaltools.arm-none.linux64_1.17.0.201812190825/tools/compiler/bin/../lib/gcc/arm-none-eabi/7.3.1/../../../../arm-none-eabi/lib/thumb/v6-m/libc.a(lib_a-dtoa.o)
                0x000000000800a098                _dtoa_r
 .text._wait_r  0x000000000800afe4       0x24 /home/sam/Ac6/SystemWorkbench/plugins/fr.ac6.mcu.externaltools.arm-none.linux64_1.17.0.201812190825/tools/compiler/bin/../lib/gcc/arm-none-eabi/7.3.1/../../../../arm-none-eabi/lib/thumb/v6-m/libc.a(lib_a-execr.o)
                0x000000000800afe4                _wait_r
 .text._fclose_r
                0x000000000800b008       0xd8 /home/sam/Ac6/SystemWorkbench/plugins/fr.ac6.mcu.externaltools.arm-none.linux64_1.17.0.201812190825/tools/compiler/bin/../lib/gcc/arm-none-eabi/7.3.1/../../../../arm-none-eabi/lib/thumb/v6-m/libc.a(lib_a-fclose.o)
                0x000000000800b008                _fclose_r
 .text.__libc_fini_array
                0x000000000800b0e0       0x34 /home/sam/Ac6/SystemWorkbench/plugins/fr.ac6.mcu.externaltools.arm-none.linux64_1.17.0.201812190825/tools/compiler/bin/../lib/gcc/arm-none-eabi/7.3.1/../../../../arm-none-eabi/lib/thumb/v6-m/libc.a(lib_a-fini.o)
                0x000000000800b0e0                __libc_fini_array
 .text.__sfvwrite_r
                0x000000000800b114      0x2fc /home/sam/Ac6/SystemWorkbench/plugins/fr.ac6.mcu.externaltools.arm-none.linux64_1.17.0.201812190825/tools/compiler/bin/../lib/gcc/arm-none-eabi/7.3.1/../../../../arm-none-eabi/lib/thumb/v6-m/libc.a(lib_a-fvwrite.o)
                0x000000000800b114                __sfvwrite_r
 .text.rshift   0x000000000800b410       0xa8 /home/sam/Ac6/SystemWorkbench/plugins/fr.ac6.mcu.externaltools.arm-none.linux64_1.17.0.201812190825/tools/compiler/bin/../lib/gcc/arm-none-eabi/7.3.1/../../../../arm-none-eabi/lib/thumb/v6-m/libc.a(lib_a-gdtoa-gethex.o)
 .text.__gethex
                0x000000000800b4b8      0x550 /home/sam/Ac6/SystemWorkbench/plugins/fr.ac6.mcu.externaltools.arm-none.linux64_1.17.0.201812190825/tools/compiler/bin/../lib/gcc/arm-none-eabi/7.3.1/../../../../arm-none-eabi/lib/thumb/v6-m/libc.a(lib_a-gdtoa-gethex.o)
                0x000000000800b4b8                __gethex
 .text.__match  0x000000000800ba08       0x2c /home/sam/Ac6/SystemWorkbench/plugins/fr.ac6.mcu.externaltools.arm-none.linux64_1.17.0.201812190825/tools/compiler/bin/../lib/gcc/arm-none-eabi/7.3.1/../../../../arm-none-eabi/lib/thumb/v6-m/libc.a(lib_a-gdtoa-hexnan.o)
                0x000000000800ba08                __match
 .text.__hexnan
                0x000000000800ba34      0x1a0 /home/sam/Ac6/SystemWorkbench/plugins/fr.ac6.mcu.externaltools.arm-none.linux64_1.17.0.201812190825/tools/compiler/bin/../lib/gcc/arm-none-eabi/7.3.1/../../../../arm-none-eabi/lib/thumb/v6-m/libc.a(lib_a-gdtoa-hexnan.o)
                0x000000000800ba34                __hexnan
 .text.__locale_mb_cur_max
                0x000000000800bbd4       0x1c /home/sam/Ac6/SystemWorkbench/plugins/fr.ac6.mcu.externaltools.arm-none.linux64_1.17.0.201812190825/tools/compiler/bin/../lib/gcc/arm-none-eabi/7.3.1/../../../../arm-none-eabi/lib/thumb/v6-m/libc.a(lib_a-locale.o)
                0x000000000800bbd4                __locale_mb_cur_max
 .text.__localeconv_l
                0x000000000800bbf0        0x4 /home/sam/Ac6/SystemWorkbench/plugins/fr.ac6.mcu.externaltools.arm-none.linux64_1.17.0.201812190825/tools/compiler/bin/../lib/gcc/arm-none-eabi/7.3.1/../../../../arm-none-eabi/lib/thumb/v6-m/libc.a(lib_a-localeconv.o)
                0x000000000800bbf0                __localeconv_l
 .text._localeconv_r
                0x000000000800bbf4       0x18 /home/sam/Ac6/SystemWorkbench/plugins/fr.ac6.mcu.externaltools.arm-none.linux64_1.17.0.201812190825/tools/compiler/bin/../lib/gcc/arm-none-eabi/7.3.1/../../../../arm-none-eabi/lib/thumb/v6-m/libc.a(lib_a-localeconv.o)
                0x000000000800bbf4                _localeconv_r
 .text._lseek_r
                0x000000000800bc0c       0x28 /home/sam/Ac6/SystemWorkbench/plugins/fr.ac6.mcu.externaltools.arm-none.linux64_1.17.0.201812190825/tools/compiler/bin/../lib/gcc/arm-none-eabi/7.3.1/../../../../arm-none-eabi/lib/thumb/v6-m/libc.a(lib_a-lseekr.o)
                0x000000000800bc0c                _lseek_r
 .text.__swhatbuf_r
                0x000000000800bc34       0x60 /home/sam/Ac6/SystemWorkbench/plugins/fr.ac6.mcu.externaltools.arm-none.linux64_1.17.0.201812190825/tools/compiler/bin/../lib/gcc/arm-none-eabi/7.3.1/../../../../arm-none-eabi/lib/thumb/v6-m/libc.a(lib_a-makebuf.o)
                0x000000000800bc34                __swhatbuf_r
 .text.__smakebuf_r
                0x000000000800bc94       0x90 /home/sam/Ac6/SystemWorkbench/plugins/fr.ac6.mcu.externaltools.arm-none.linux64_1.17.0.201812190825/tools/compiler/bin/../lib/gcc/arm-none-eabi/7.3.1/../../../../arm-none-eabi/lib/thumb/v6-m/libc.a(lib_a-makebuf.o)
                0x000000000800bc94                __smakebuf_r
 .text.malloc   0x000000000800bd24       0x14 /home/sam/Ac6/SystemWorkbench/plugins/fr.ac6.mcu.externaltools.arm-none.linux64_1.17.0.201812190825/tools/compiler/bin/../lib/gcc/arm-none-eabi/7.3.1/../../../../arm-none-eabi/lib/thumb/v6-m/libc.a(lib_a-malloc.o)
                0x000000000800bd24                malloc
 .text.__ascii_mbtowc
                0x000000000800bd38       0x2c /home/sam/Ac6/SystemWorkbench/plugins/fr.ac6.mcu.externaltools.arm-none.linux64_1.17.0.201812190825/tools/compiler/bin/../lib/gcc/arm-none-eabi/7.3.1/../../../../arm-none-eabi/lib/thumb/v6-m/libc.a(lib_a-mbtowc_r.o)
                0x000000000800bd38                __ascii_mbtowc
 .text.memmove  0x000000000800bd64       0x9c /home/sam/Ac6/SystemWorkbench/plugins/fr.ac6.mcu.externaltools.arm-none.linux64_1.17.0.201812190825/tools/compiler/bin/../lib/gcc/arm-none-eabi/7.3.1/../../../../arm-none-eabi/lib/thumb/v6-m/libc.a(lib_a-memmove.o)
                0x000000000800bd64                memmove
 .text._Balloc  0x000000000800be00       0x50 /home/sam/Ac6/SystemWorkbench/plugins/fr.ac6.mcu.externaltools.arm-none.linux64_1.17.0.201812190825/tools/compiler/bin/../lib/gcc/arm-none-eabi/7.3.1/../../../../arm-none-eabi/lib/thumb/v6-m/libc.a(lib_a-mprec.o)
                0x000000000800be00                _Balloc
 .text._Bfree   0x000000000800be50       0x14 /home/sam/Ac6/SystemWorkbench/plugins/fr.ac6.mcu.externaltools.arm-none.linux64_1.17.0.201812190825/tools/compiler/bin/../lib/gcc/arm-none-eabi/7.3.1/../../../../arm-none-eabi/lib/thumb/v6-m/libc.a(lib_a-mprec.o)
                0x000000000800be50                _Bfree
 .text.__multadd
                0x000000000800be64       0x8c /home/sam/Ac6/SystemWorkbench/plugins/fr.ac6.mcu.externaltools.arm-none.linux64_1.17.0.201812190825/tools/compiler/bin/../lib/gcc/arm-none-eabi/7.3.1/../../../../arm-none-eabi/lib/thumb/v6-m/libc.a(lib_a-mprec.o)
                0x000000000800be64                __multadd
 .text.__s2b    0x000000000800bef0       0x90 /home/sam/Ac6/SystemWorkbench/plugins/fr.ac6.mcu.externaltools.arm-none.linux64_1.17.0.201812190825/tools/compiler/bin/../lib/gcc/arm-none-eabi/7.3.1/../../../../arm-none-eabi/lib/thumb/v6-m/libc.a(lib_a-mprec.o)
                0x000000000800bef0                __s2b
 .text.__hi0bits
                0x000000000800bf80       0x38 /home/sam/Ac6/SystemWorkbench/plugins/fr.ac6.mcu.externaltools.arm-none.linux64_1.17.0.201812190825/tools/compiler/bin/../lib/gcc/arm-none-eabi/7.3.1/../../../../arm-none-eabi/lib/thumb/v6-m/libc.a(lib_a-mprec.o)
                0x000000000800bf80                __hi0bits
 .text.__lo0bits
                0x000000000800bfb8       0x5c /home/sam/Ac6/SystemWorkbench/plugins/fr.ac6.mcu.externaltools.arm-none.linux64_1.17.0.201812190825/tools/compiler/bin/../lib/gcc/arm-none-eabi/7.3.1/../../../../arm-none-eabi/lib/thumb/v6-m/libc.a(lib_a-mprec.o)
                0x000000000800bfb8                __lo0bits
 .text.__i2b    0x000000000800c014       0x14 /home/sam/Ac6/SystemWorkbench/plugins/fr.ac6.mcu.externaltools.arm-none.linux64_1.17.0.201812190825/tools/compiler/bin/../lib/gcc/arm-none-eabi/7.3.1/../../../../arm-none-eabi/lib/thumb/v6-m/libc.a(lib_a-mprec.o)
                0x000000000800c014                __i2b
 .text.__multiply
                0x000000000800c028      0x178 /home/sam/Ac6/SystemWorkbench/plugins/fr.ac6.mcu.externaltools.arm-none.linux64_1.17.0.201812190825/tools/compiler/bin/../lib/gcc/arm-none-eabi/7.3.1/../../../../arm-none-eabi/lib/thumb/v6-m/libc.a(lib_a-mprec.o)
                0x000000000800c028                __multiply
 .text.__pow5mult
                0x000000000800c1a0       0xc0 /home/sam/Ac6/SystemWorkbench/plugins/fr.ac6.mcu.externaltools.arm-none.linux64_1.17.0.201812190825/tools/compiler/bin/../lib/gcc/arm-none-eabi/7.3.1/../../../../arm-none-eabi/lib/thumb/v6-m/libc.a(lib_a-mprec.o)
                0x000000000800c1a0                __pow5mult
 .text.__lshift
                0x000000000800c260       0xc8 /home/sam/Ac6/SystemWorkbench/plugins/fr.ac6.mcu.externaltools.arm-none.linux64_1.17.0.201812190825/tools/compiler/bin/../lib/gcc/arm-none-eabi/7.3.1/../../../../arm-none-eabi/lib/thumb/v6-m/libc.a(lib_a-mprec.o)
                0x000000000800c260                __lshift
 .text.__mcmp   0x000000000800c328       0x34 /home/sam/Ac6/SystemWorkbench/plugins/fr.ac6.mcu.externaltools.arm-none.linux64_1.17.0.201812190825/tools/compiler/bin/../lib/gcc/arm-none-eabi/7.3.1/../../../../arm-none-eabi/lib/thumb/v6-m/libc.a(lib_a-mprec.o)
                0x000000000800c328                __mcmp
 .text.__mdiff  0x000000000800c35c      0x124 /home/sam/Ac6/SystemWorkbench/plugins/fr.ac6.mcu.externaltools.arm-none.linux64_1.17.0.201812190825/tools/compiler/bin/../lib/gcc/arm-none-eabi/7.3.1/../../../../arm-none-eabi/lib/thumb/v6-m/libc.a(lib_a-mprec.o)
                0x000000000800c35c                __mdiff
 .text.__ulp    0x000000000800c480       0x4c /home/sam/Ac6/SystemWorkbench/plugins/fr.ac6.mcu.externaltools.arm-none.linux64_1.17.0.201812190825/tools/compiler/bin/../lib/gcc/arm-none-eabi/7.3.1/../../../../arm-none-eabi/lib/thumb/v6-m/libc.a(lib_a-mprec.o)
                0x000000000800c480                __ulp
 .text.__b2d    0x000000000800c4cc       0xbc /home/sam/Ac6/SystemWorkbench/plugins/fr.ac6.mcu.externaltools.arm-none.linux64_1.17.0.201812190825/tools/compiler/bin/../lib/gcc/arm-none-eabi/7.3.1/../../../../arm-none-eabi/lib/thumb/v6-m/libc.a(lib_a-mprec.o)
                0x000000000800c4cc                __b2d
 .text.__d2b    0x000000000800c588       0xbc /home/sam/Ac6/SystemWorkbench/plugins/fr.ac6.mcu.externaltools.arm-none.linux64_1.17.0.201812190825/tools/compiler/bin/../lib/gcc/arm-none-eabi/7.3.1/../../../../arm-none-eabi/lib/thumb/v6-m/libc.a(lib_a-mprec.o)
                0x000000000800c588                __d2b
 .text.__ratio  0x000000000800c644       0x74 /home/sam/Ac6/SystemWorkbench/plugins/fr.ac6.mcu.externaltools.arm-none.linux64_1.17.0.201812190825/tools/compiler/bin/../lib/gcc/arm-none-eabi/7.3.1/../../../../arm-none-eabi/lib/thumb/v6-m/libc.a(lib_a-mprec.o)
                0x000000000800c644                __ratio
 .text.__copybits
                0x000000000800c6b8       0x40 /home/sam/Ac6/SystemWorkbench/plugins/fr.ac6.mcu.externaltools.arm-none.linux64_1.17.0.201812190825/tools/compiler/bin/../lib/gcc/arm-none-eabi/7.3.1/../../../../arm-none-eabi/lib/thumb/v6-m/libc.a(lib_a-mprec.o)
                0x000000000800c6b8                __copybits
 .text.__any_on
                0x000000000800c6f8       0x58 /home/sam/Ac6/SystemWorkbench/plugins/fr.ac6.mcu.externaltools.arm-none.linux64_1.17.0.201812190825/tools/compiler/bin/../lib/gcc/arm-none-eabi/7.3.1/../../../../arm-none-eabi/lib/thumb/v6-m/libc.a(lib_a-mprec.o)
                0x000000000800c6f8                __any_on
 .text._read_r  0x000000000800c750       0x28 /home/sam/Ac6/SystemWorkbench/plugins/fr.ac6.mcu.externaltools.arm-none.linux64_1.17.0.201812190825/tools/compiler/bin/../lib/gcc/arm-none-eabi/7.3.1/../../../../arm-none-eabi/lib/thumb/v6-m/libc.a(lib_a-readr.o)
                0x000000000800c750                _read_r
 .text._realloc_r
                0x000000000800c778      0x3b0 /home/sam/Ac6/SystemWorkbench/plugins/fr.ac6.mcu.externaltools.arm-none.linux64_1.17.0.201812190825/tools/compiler/bin/../lib/gcc/arm-none-eabi/7.3.1/../../../../arm-none-eabi/lib/thumb/v6-m/libc.a(lib_a-reallocr.o)
                0x000000000800c778                _realloc_r
 .text.frexp    0x000000000800cb28       0x64 /home/sam/Ac6/SystemWorkbench/plugins/fr.ac6.mcu.externaltools.arm-none.linux64_1.17.0.201812190825/tools/compiler/bin/../lib/gcc/arm-none-eabi/7.3.1/../../../../arm-none-eabi/lib/thumb/v6-m/libc.a(lib_a-s_frexp.o)
                0x000000000800cb28                frexp
 .text.strncmp  0x000000000800cb8c       0x8c /home/sam/Ac6/SystemWorkbench/plugins/fr.ac6.mcu.externaltools.arm-none.linux64_1.17.0.201812190825/tools/compiler/bin/../lib/gcc/arm-none-eabi/7.3.1/../../../../arm-none-eabi/lib/thumb/v6-m/libc.a(lib_a-strncmp.o)
                0x000000000800cb8c                strncmp
 .text.__ssprint_r
                0x000000000800cc18      0x118 /home/sam/Ac6/SystemWorkbench/plugins/fr.ac6.mcu.externaltools.arm-none.linux64_1.17.0.201812190825/tools/compiler/bin/../lib/gcc/arm-none-eabi/7.3.1/../../../../arm-none-eabi/lib/thumb/v6-m/libc.a(lib_a-svfiprintf.o)
                0x000000000800cc18                __ssprint_r
 .text.__sprint_r.part.0
                0x000000000800cd30       0x80 /home/sam/Ac6/SystemWorkbench/plugins/fr.ac6.mcu.externaltools.arm-none.linux64_1.17.0.201812190825/tools/compiler/bin/../lib/gcc/arm-none-eabi/7.3.1/../../../../arm-none-eabi/lib/thumb/v6-m/libc.a(lib_a-vfiprintf.o)
 .text.__sprint_r
                0x000000000800cdb0       0x14 /home/sam/Ac6/SystemWorkbench/plugins/fr.ac6.mcu.externaltools.arm-none.linux64_1.17.0.201812190825/tools/compiler/bin/../lib/gcc/arm-none-eabi/7.3.1/../../../../arm-none-eabi/lib/thumb/v6-m/libc.a(lib_a-vfiprintf.o)
                0x000000000800cdb0                __sprint_r
 .text.__swbuf_r
                0x000000000800cdc4       0xc8 /home/sam/Ac6/SystemWorkbench/plugins/fr.ac6.mcu.externaltools.arm-none.linux64_1.17.0.201812190825/tools/compiler/bin/../lib/gcc/arm-none-eabi/7.3.1/../../../../arm-none-eabi/lib/thumb/v6-m/libc.a(lib_a-wbuf.o)
                0x000000000800cdc4                __swbuf_r
 .text.__ascii_wctomb
                0x000000000800ce8c       0x1c /home/sam/Ac6/SystemWorkbench/plugins/fr.ac6.mcu.externaltools.arm-none.linux64_1.17.0.201812190825/tools/compiler/bin/../lib/gcc/arm-none-eabi/7.3.1/../../../../arm-none-eabi/lib/thumb/v6-m/libc.a(lib_a-wctomb_r.o)
                0x000000000800ce8c                __ascii_wctomb
 .text.__register_exitproc
                0x000000000800cea8       0xf4 /home/sam/Ac6/SystemWorkbench/plugins/fr.ac6.mcu.externaltools.arm-none.linux64_1.17.0.201812190825/tools/compiler/bin/../lib/gcc/arm-none-eabi/7.3.1/../../../../arm-none-eabi/lib/thumb/v6-m/libc.a(lib_a-__atexit.o)
                0x000000000800cea8                __register_exitproc
 .text._calloc_r
                0x000000000800cf9c       0x58 /home/sam/Ac6/SystemWorkbench/plugins/fr.ac6.mcu.externaltools.arm-none.linux64_1.17.0.201812190825/tools/compiler/bin/../lib/gcc/arm-none-eabi/7.3.1/../../../../arm-none-eabi/lib/thumb/v6-m/libc.a(lib_a-callocr.o)
                0x000000000800cf9c                _calloc_r
 .text.__fputwc
                0x000000000800cff4       0x94 /home/sam/Ac6/SystemWorkbench/plugins/fr.ac6.mcu.externaltools.arm-none.linux64_1.17.0.201812190825/tools/compiler/bin/../lib/gcc/arm-none-eabi/7.3.1/../../../../arm-none-eabi/lib/thumb/v6-m/libc.a(lib_a-fputwc.o)
                0x000000000800cff4                __fputwc
 .text._fputwc_r
                0x000000000800d088       0x5c /home/sam/Ac6/SystemWorkbench/plugins/fr.ac6.mcu.externaltools.arm-none.linux64_1.17.0.201812190825/tools/compiler/bin/../lib/gcc/arm-none-eabi/7.3.1/../../../../arm-none-eabi/lib/thumb/v6-m/libc.a(lib_a-fputwc.o)
                0x000000000800d088                _fputwc_r
 .text._fstat_r
                0x000000000800d0e4       0x28 /home/sam/Ac6/SystemWorkbench/plugins/fr.ac6.mcu.externaltools.arm-none.linux64_1.17.0.201812190825/tools/compiler/bin/../lib/gcc/arm-none-eabi/7.3.1/../../../../arm-none-eabi/lib/thumb/v6-m/libc.a(lib_a-fstatr.o)
                0x000000000800d0e4                _fstat_r
 .text._isatty_r
                0x000000000800d10c       0x24 /home/sam/Ac6/SystemWorkbench/plugins/fr.ac6.mcu.externaltools.arm-none.linux64_1.17.0.201812190825/tools/compiler/bin/../lib/gcc/arm-none-eabi/7.3.1/../../../../arm-none-eabi/lib/thumb/v6-m/libc.a(lib_a-isattyr.o)
                0x000000000800d10c                _isatty_r
 .text._wcrtomb_r
                0x000000000800d130       0x58 /home/sam/Ac6/SystemWorkbench/plugins/fr.ac6.mcu.externaltools.arm-none.linux64_1.17.0.201812190825/tools/compiler/bin/../lib/gcc/arm-none-eabi/7.3.1/../../../../arm-none-eabi/lib/thumb/v6-m/libc.a(lib_a-wcrtomb.o)
                0x000000000800d130                _wcrtomb_r
 *(.glue_7)
 .glue_7        0x000000000800d188        0x0 linker stubs
 *(.glue_7t)
 .glue_7t       0x000000000800d188        0x0 linker stubs
 *(.eh_frame)
 .eh_frame      0x000000000800d188        0x0 /home/sam/Ac6/SystemWorkbench/plugins/fr.ac6.mcu.externaltools.arm-none.linux64_1.17.0.201812190825/tools/compiler/bin/../lib/gcc/arm-none-eabi/7.3.1/thumb/v6-m/crtbegin.o
 *(.init)
 .init          0x000000000800d188        0x4 /home/sam/Ac6/SystemWorkbench/plugins/fr.ac6.mcu.externaltools.arm-none.linux64_1.17.0.201812190825/tools/compiler/bin/../lib/gcc/arm-none-eabi/7.3.1/thumb/v6-m/crti.o
                0x000000000800d188                _init
 .init          0x000000000800d18c        0x8 /home/sam/Ac6/SystemWorkbench/plugins/fr.ac6.mcu.externaltools.arm-none.linux64_1.17.0.201812190825/tools/compiler/bin/../lib/gcc/arm-none-eabi/7.3.1/thumb/v6-m/crtn.o
 *(.fini)
 .fini          0x000000000800d194        0x4 /home/sam/Ac6/SystemWorkbench/plugins/fr.ac6.mcu.externaltools.arm-none.linux64_1.17.0.201812190825/tools/compiler/bin/../lib/gcc/arm-none-eabi/7.3.1/thumb/v6-m/crti.o
                0x000000000800d194                _fini
 .fini          0x000000000800d198        0x8 /home/sam/Ac6/SystemWorkbench/plugins/fr.ac6.mcu.externaltools.arm-none.linux64_1.17.0.201812190825/tools/compiler/bin/../lib/gcc/arm-none-eabi/7.3.1/thumb/v6-m/crtn.o
                0x000000000800d1a0                . = ALIGN (0x4)
                0x000000000800d1a0                _etext = .

.vfp11_veneer   0x000000000800d1a0        0x0
 .vfp11_veneer  0x000000000800d1a0        0x0 linker stubs

.v4_bx          0x000000000800d1a0        0x0
 .v4_bx         0x000000000800d1a0        0x0 linker stubs

.iplt           0x000000000800d1a0        0x0
 .iplt          0x000000000800d1a0        0x0 /home/sam/Ac6/SystemWorkbench/plugins/fr.ac6.mcu.externaltools.arm-none.linux64_1.17.0.201812190825/tools/compiler/bin/../lib/gcc/arm-none-eabi/7.3.1/thumb/v6-m/crtbegin.o

.rodata         0x000000000800d1a0     0x1c30
                0x000000000800d1a0                . = ALIGN (0x4)
 *(.rodata)
 .rodata        0x000000000800d1a0     0x125e src/display.o
                0x000000000800d1a0                f_consolas_18pt
 *fill*         0x000000000800e3fe        0x2 
 .rodata        0x000000000800e400      0x107 src/main.o
                0x000000000800e400                ESP_CH_EN
                0x000000000800e404                ESP_RST
                0x000000000800e408                ESP_GPIO0
                0x000000000800e40c                ESP_GPIO2
                0x000000000800e464                CF_TRIGGER
                0x000000000800e468                CF_TRIGGER2
                0x000000000800e46c                CF_WFSTATUS
                0x000000000800e470                CF_WAITING
                0x000000000800e474                RESET_START
                0x000000000800e478                RESET_END
                0x000000000800e47c                CF_GOT_ACK
                0x000000000800e480                CF_GOT_NACK
                0x000000000800e484                CF_FIFO_NL
                0x000000000800e488                CF_ACTIVE
 *fill*         0x000000000800e507        0x1 
 .rodata        0x000000000800e508       0x13 src/tty.o
 *fill*         0x000000000800e51b        0x1 
 .rodata        0x000000000800e51c       0x80 /home/sam/Ac6/SystemWorkbench/plugins/fr.ac6.mcu.externaltools.arm-none.linux64_1.17.0.201812190825/tools/compiler/bin/../lib/gcc/arm-none-eabi/7.3.1/thumb/v6-m/libgcc.a(divsf3.o)
 .rodata        0x000000000800e59c       0x40 /home/sam/Ac6/SystemWorkbench/plugins/fr.ac6.mcu.externaltools.arm-none.linux64_1.17.0.201812190825/tools/compiler/bin/../lib/gcc/arm-none-eabi/7.3.1/thumb/v6-m/libgcc.a(divdf3.o)
 .rodata        0x000000000800e5dc       0x40 /home/sam/Ac6/SystemWorkbench/plugins/fr.ac6.mcu.externaltools.arm-none.linux64_1.17.0.201812190825/tools/compiler/bin/../lib/gcc/arm-none-eabi/7.3.1/thumb/v6-m/libgcc.a(muldf3.o)
 *(.rodata*)
 .rodata._global_impure_ptr
                0x000000000800e61c        0x4 /home/sam/Ac6/SystemWorkbench/plugins/fr.ac6.mcu.externaltools.arm-none.linux64_1.17.0.201812190825/tools/compiler/bin/../lib/gcc/arm-none-eabi/7.3.1/../../../../arm-none-eabi/lib/thumb/v6-m/libc.a(lib_a-impure.o)
                0x000000000800e61c                _global_impure_ptr
 .rodata._strtod_l
                0x000000000800e620       0xd0 /home/sam/Ac6/SystemWorkbench/plugins/fr.ac6.mcu.externaltools.arm-none.linux64_1.17.0.201812190825/tools/compiler/bin/../lib/gcc/arm-none-eabi/7.3.1/../../../../arm-none-eabi/lib/thumb/v6-m/libc.a(lib_a-strtod.o)
 .rodata._strtod_l.str1.4
                0x000000000800e6f0        0xf /home/sam/Ac6/SystemWorkbench/plugins/fr.ac6.mcu.externaltools.arm-none.linux64_1.17.0.201812190825/tools/compiler/bin/../lib/gcc/arm-none-eabi/7.3.1/../../../../arm-none-eabi/lib/thumb/v6-m/libc.a(lib_a-strtod.o)
 *fill*         0x000000000800e6ff        0x1 
 .rodata.fpi.6172
                0x000000000800e700       0x14 /home/sam/Ac6/SystemWorkbench/plugins/fr.ac6.mcu.externaltools.arm-none.linux64_1.17.0.201812190825/tools/compiler/bin/../lib/gcc/arm-none-eabi/7.3.1/../../../../arm-none-eabi/lib/thumb/v6-m/libc.a(lib_a-strtod.o)
 .rodata.fpinan.6208
                0x000000000800e714       0x14 /home/sam/Ac6/SystemWorkbench/plugins/fr.ac6.mcu.externaltools.arm-none.linux64_1.17.0.201812190825/tools/compiler/bin/../lib/gcc/arm-none-eabi/7.3.1/../../../../arm-none-eabi/lib/thumb/v6-m/libc.a(lib_a-strtod.o)
 .rodata.tinytens
                0x000000000800e728       0x28 /home/sam/Ac6/SystemWorkbench/plugins/fr.ac6.mcu.externaltools.arm-none.linux64_1.17.0.201812190825/tools/compiler/bin/../lib/gcc/arm-none-eabi/7.3.1/../../../../arm-none-eabi/lib/thumb/v6-m/libc.a(lib_a-strtod.o)
 .rodata._svfprintf_r
                0x000000000800e750      0x16c /home/sam/Ac6/SystemWorkbench/plugins/fr.ac6.mcu.externaltools.arm-none.linux64_1.17.0.201812190825/tools/compiler/bin/../lib/gcc/arm-none-eabi/7.3.1/../../../../arm-none-eabi/lib/thumb/v6-m/libc.a(lib_a-svfprintf.o)
 .rodata._svfprintf_r.str1.4
                0x000000000800e8bc       0x42 /home/sam/Ac6/SystemWorkbench/plugins/fr.ac6.mcu.externaltools.arm-none.linux64_1.17.0.201812190825/tools/compiler/bin/../lib/gcc/arm-none-eabi/7.3.1/../../../../arm-none-eabi/lib/thumb/v6-m/libc.a(lib_a-svfprintf.o)
 *fill*         0x000000000800e8fe        0x2 
 .rodata.blanks.7315
                0x000000000800e900       0x10 /home/sam/Ac6/SystemWorkbench/plugins/fr.ac6.mcu.externaltools.arm-none.linux64_1.17.0.201812190825/tools/compiler/bin/../lib/gcc/arm-none-eabi/7.3.1/../../../../arm-none-eabi/lib/thumb/v6-m/libc.a(lib_a-svfprintf.o)
 .rodata.zeroes.7316
                0x000000000800e910       0x10 /home/sam/Ac6/SystemWorkbench/plugins/fr.ac6.mcu.externaltools.arm-none.linux64_1.17.0.201812190825/tools/compiler/bin/../lib/gcc/arm-none-eabi/7.3.1/../../../../arm-none-eabi/lib/thumb/v6-m/libc.a(lib_a-svfprintf.o)
 .rodata._vfprintf_r
                0x000000000800e920      0x16c /home/sam/Ac6/SystemWorkbench/plugins/fr.ac6.mcu.externaltools.arm-none.linux64_1.17.0.201812190825/tools/compiler/bin/../lib/gcc/arm-none-eabi/7.3.1/../../../../arm-none-eabi/lib/thumb/v6-m/libc.a(lib_a-vfprintf.o)
 .rodata._vfprintf_r.str1.4
                0x000000000800ea8c       0x42 /home/sam/Ac6/SystemWorkbench/plugins/fr.ac6.mcu.externaltools.arm-none.linux64_1.17.0.201812190825/tools/compiler/bin/../lib/gcc/arm-none-eabi/7.3.1/../../../../arm-none-eabi/lib/thumb/v6-m/libc.a(lib_a-vfprintf.o)
 .rodata.blanks.7330
                0x000000000800ea8c       0x10 /home/sam/Ac6/SystemWorkbench/plugins/fr.ac6.mcu.externaltools.arm-none.linux64_1.17.0.201812190825/tools/compiler/bin/../lib/gcc/arm-none-eabi/7.3.1/../../../../arm-none-eabi/lib/thumb/v6-m/libc.a(lib_a-vfprintf.o)
 .rodata.zeroes.7331
                0x000000000800ea9c       0x10 /home/sam/Ac6/SystemWorkbench/plugins/fr.ac6.mcu.externaltools.arm-none.linux64_1.17.0.201812190825/tools/compiler/bin/../lib/gcc/arm-none-eabi/7.3.1/../../../../arm-none-eabi/lib/thumb/v6-m/libc.a(lib_a-vfprintf.o)
 .rodata._dtoa_r.str1.4
                0x000000000800eaac       0x10 /home/sam/Ac6/SystemWorkbench/plugins/fr.ac6.mcu.externaltools.arm-none.linux64_1.17.0.201812190825/tools/compiler/bin/../lib/gcc/arm-none-eabi/7.3.1/../../../../arm-none-eabi/lib/thumb/v6-m/libc.a(lib_a-dtoa.o)
                                         0x12 (size before relaxing)
 .rodata.__hexdig
                0x000000000800eabc      0x100 /home/sam/Ac6/SystemWorkbench/plugins/fr.ac6.mcu.externaltools.arm-none.linux64_1.17.0.201812190825/tools/compiler/bin/../lib/gcc/arm-none-eabi/7.3.1/../../../../arm-none-eabi/lib/thumb/v6-m/libc.a(lib_a-gdtoa-gethex.o)
                0x000000000800eabc                __hexdig
 .rodata._setlocale_r.str1.4
                0x000000000800ebbc        0xa /home/sam/Ac6/SystemWorkbench/plugins/fr.ac6.mcu.externaltools.arm-none.linux64_1.17.0.201812190825/tools/compiler/bin/../lib/gcc/arm-none-eabi/7.3.1/../../../../arm-none-eabi/lib/thumb/v6-m/libc.a(lib_a-locale.o)
                                          0xd (size before relaxing)
 *fill*         0x000000000800ebc6        0x2 
 .rodata.str1.4
                0x000000000800ebc8        0x4 /home/sam/Ac6/SystemWorkbench/plugins/fr.ac6.mcu.externaltools.arm-none.linux64_1.17.0.201812190825/tools/compiler/bin/../lib/gcc/arm-none-eabi/7.3.1/../../../../arm-none-eabi/lib/thumb/v6-m/libc.a(lib_a-locale.o)
                                          0x2 (size before relaxing)
 *fill*         0x000000000800ebcc        0x4 
 .rodata.__mprec_bigtens
                0x000000000800ebd0       0x28 /home/sam/Ac6/SystemWorkbench/plugins/fr.ac6.mcu.externaltools.arm-none.linux64_1.17.0.201812190825/tools/compiler/bin/../lib/gcc/arm-none-eabi/7.3.1/../../../../arm-none-eabi/lib/thumb/v6-m/libc.a(lib_a-mprec.o)
                0x000000000800ebd0                __mprec_bigtens
 .rodata.__mprec_tens
                0x000000000800ebf8       0xc8 /home/sam/Ac6/SystemWorkbench/plugins/fr.ac6.mcu.externaltools.arm-none.linux64_1.17.0.201812190825/tools/compiler/bin/../lib/gcc/arm-none-eabi/7.3.1/../../../../arm-none-eabi/lib/thumb/v6-m/libc.a(lib_a-mprec.o)
                0x000000000800ebf8                __mprec_tens
 .rodata.p05.6092
                0x000000000800ecc0        0xc /home/sam/Ac6/SystemWorkbench/plugins/fr.ac6.mcu.externaltools.arm-none.linux64_1.17.0.201812190825/tools/compiler/bin/../lib/gcc/arm-none-eabi/7.3.1/../../../../arm-none-eabi/lib/thumb/v6-m/libc.a(lib_a-mprec.o)
 .rodata._ctype_
                0x000000000800eccc      0x101 /home/sam/Ac6/SystemWorkbench/plugins/fr.ac6.mcu.externaltools.arm-none.linux64_1.17.0.201812190825/tools/compiler/bin/../lib/gcc/arm-none-eabi/7.3.1/../../../../arm-none-eabi/lib/thumb/v6-m/libc.a(lib_a-ctype_.o)
                0x000000000800eccc                _ctype_
                0x000000000800edd0                . = ALIGN (0x4)
 *fill*         0x000000000800edcd        0x3 

.ARM.extab      0x000000000800edd0        0x0
                0x000000000800edd0                . = ALIGN (0x4)
 *(.ARM.extab* .gnu.linkonce.armextab.*)
                0x000000000800edd0                . = ALIGN (0x4)

.ARM            0x000000000800edd0        0x8
                0x000000000800edd0                . = ALIGN (0x4)
                0x000000000800edd0                __exidx_start = .
 *(.ARM.exidx*)
 .ARM.exidx     0x000000000800edd0        0x8 /home/sam/Ac6/SystemWorkbench/plugins/fr.ac6.mcu.externaltools.arm-none.linux64_1.17.0.201812190825/tools/compiler/bin/../lib/gcc/arm-none-eabi/7.3.1/thumb/v6-m/libgcc.a(_udivmoddi4.o)
                0x000000000800edd8                __exidx_end = .
                0x000000000800edd8                . = ALIGN (0x4)

.rel.dyn        0x000000000800edd8        0x0
 .rel.iplt      0x000000000800edd8        0x0 /home/sam/Ac6/SystemWorkbench/plugins/fr.ac6.mcu.externaltools.arm-none.linux64_1.17.0.201812190825/tools/compiler/bin/../lib/gcc/arm-none-eabi/7.3.1/thumb/v6-m/crtbegin.o

.preinit_array  0x000000000800edd8        0x0
                0x000000000800edd8                . = ALIGN (0x4)
                0x000000000800edd8                PROVIDE (__preinit_array_start = .)
 *(.preinit_array*)
                0x000000000800edd8                PROVIDE (__preinit_array_end = .)
                0x000000000800edd8                . = ALIGN (0x4)

.init_array     0x000000000800edd8        0x8
                0x000000000800edd8                . = ALIGN (0x4)
                0x000000000800edd8                PROVIDE (__init_array_start = .)
 *(SORT_BY_NAME(.init_array.*))
 .init_array.00000
                0x000000000800edd8        0x4 /home/sam/Ac6/SystemWorkbench/plugins/fr.ac6.mcu.externaltools.arm-none.linux64_1.17.0.201812190825/tools/compiler/bin/../lib/gcc/arm-none-eabi/7.3.1/../../../../arm-none-eabi/lib/thumb/v6-m/libc.a(lib_a-__call_atexit.o)
 *(.init_array*)
 .init_array    0x000000000800eddc        0x4 /home/sam/Ac6/SystemWorkbench/plugins/fr.ac6.mcu.externaltools.arm-none.linux64_1.17.0.201812190825/tools/compiler/bin/../lib/gcc/arm-none-eabi/7.3.1/thumb/v6-m/crtbegin.o
                0x000000000800ede0                PROVIDE (__init_array_end = .)
                0x000000000800ede0                . = ALIGN (0x4)

.fini_array     0x000000000800ede0        0x4
                0x000000000800ede0                . = ALIGN (0x4)
                0x000000000800ede0                PROVIDE (__fini_array_start = .)
 *(SORT_BY_NAME(.fini_array.*))
 *(.fini_array*)
 .fini_array    0x000000000800ede0        0x4 /home/sam/Ac6/SystemWorkbench/plugins/fr.ac6.mcu.externaltools.arm-none.linux64_1.17.0.201812190825/tools/compiler/bin/../lib/gcc/arm-none-eabi/7.3.1/thumb/v6-m/crtbegin.o
                0x000000000800ede4                PROVIDE (__fini_array_end = .)
                0x000000000800ede4                . = ALIGN (0x4)
                0x000000000800ede4                _sidata = LOADADDR (.data)

.data           0x0000000020000000      0x9f8 load address 0x000000000800ede4
                0x0000000020000000                . = ALIGN (0x4)
                0x0000000020000000                _sdata = .
 *(.data)
 .data          0x0000000020000000       0x4c src/main.o
                0x0000000020000000                run__ping
                0x0000000020000004                get__connect
                0x0000000020000008                run__connect
                0x000000002000000c                run__disconnect
                0x0000000020000010                run__config
                0x0000000020000014                set__stock
                0x0000000020000018                run__send
                0x000000002000001c                next_cmd_id
                0x000000002000003c                g_unit_value
                0x0000000020000040                g_shelf_id
                0x0000000020000044                global_stock
                0x0000000020000048                display_update_flag
 *(.data*)
 .data._impure_ptr
                0x000000002000004c        0x4 /home/sam/Ac6/SystemWorkbench/plugins/fr.ac6.mcu.externaltools.arm-none.linux64_1.17.0.201812190825/tools/compiler/bin/../lib/gcc/arm-none-eabi/7.3.1/../../../../arm-none-eabi/lib/thumb/v6-m/libc.a(lib_a-impure.o)
                0x000000002000004c                _impure_ptr
 .data.impure_data
                0x0000000020000050      0x428 /home/sam/Ac6/SystemWorkbench/plugins/fr.ac6.mcu.externaltools.arm-none.linux64_1.17.0.201812190825/tools/compiler/bin/../lib/gcc/arm-none-eabi/7.3.1/../../../../arm-none-eabi/lib/thumb/v6-m/libc.a(lib_a-impure.o)
 .data.__malloc_av_
                0x0000000020000478      0x408 /home/sam/Ac6/SystemWorkbench/plugins/fr.ac6.mcu.externaltools.arm-none.linux64_1.17.0.201812190825/tools/compiler/bin/../lib/gcc/arm-none-eabi/7.3.1/../../../../arm-none-eabi/lib/thumb/v6-m/libc.a(lib_a-mallocr.o)
                0x0000000020000478                __malloc_av_
 .data.__malloc_sbrk_base
                0x0000000020000880        0x4 /home/sam/Ac6/SystemWorkbench/plugins/fr.ac6.mcu.externaltools.arm-none.linux64_1.17.0.201812190825/tools/compiler/bin/../lib/gcc/arm-none-eabi/7.3.1/../../../../arm-none-eabi/lib/thumb/v6-m/libc.a(lib_a-mallocr.o)
                0x0000000020000880                __malloc_sbrk_base
 .data.__malloc_trim_threshold
                0x0000000020000884        0x4 /home/sam/Ac6/SystemWorkbench/plugins/fr.ac6.mcu.externaltools.arm-none.linux64_1.17.0.201812190825/tools/compiler/bin/../lib/gcc/arm-none-eabi/7.3.1/../../../../arm-none-eabi/lib/thumb/v6-m/libc.a(lib_a-mallocr.o)
                0x0000000020000884                __malloc_trim_threshold
 .data.__atexit_recursive_mutex
                0x0000000020000888        0x4 /home/sam/Ac6/SystemWorkbench/plugins/fr.ac6.mcu.externaltools.arm-none.linux64_1.17.0.201812190825/tools/compiler/bin/../lib/gcc/arm-none-eabi/7.3.1/../../../../arm-none-eabi/lib/thumb/v6-m/libc.a(lib_a-__call_atexit.o)
                0x0000000020000888                __atexit_recursive_mutex
 .data.__global_locale
                0x000000002000088c      0x16c /home/sam/Ac6/SystemWorkbench/plugins/fr.ac6.mcu.externaltools.arm-none.linux64_1.17.0.201812190825/tools/compiler/bin/../lib/gcc/arm-none-eabi/7.3.1/../../../../arm-none-eabi/lib/thumb/v6-m/libc.a(lib_a-locale.o)
                0x000000002000088c                __global_locale
                0x00000000200009f8                . = ALIGN (0x4)
                0x00000000200009f8                _edata = .

.igot.plt       0x00000000200009f8        0x0 load address 0x000000000800f7dc
 .igot.plt      0x00000000200009f8        0x0 /home/sam/Ac6/SystemWorkbench/plugins/fr.ac6.mcu.externaltools.arm-none.linux64_1.17.0.201812190825/tools/compiler/bin/../lib/gcc/arm-none-eabi/7.3.1/thumb/v6-m/crtbegin.o
                0x00000000200009f8                . = ALIGN (0x4)

.bss            0x00000000200009f8     0x18c0 load address 0x000000000800f7dc
                0x00000000200009f8                _sbss = .
                0x00000000200009f8                __bss_start__ = _sbss
 *(.bss)
 .bss           0x00000000200009f8       0x1c /home/sam/Ac6/SystemWorkbench/plugins/fr.ac6.mcu.externaltools.arm-none.linux64_1.17.0.201812190825/tools/compiler/bin/../lib/gcc/arm-none-eabi/7.3.1/thumb/v6-m/crtbegin.o
 .bss           0x0000000020000a14       0x20 src/main.o
                0x0000000020000a14                comm_cmd_id
                0x0000000020000a18                comm_status
                0x0000000020000a1c                global_buffer_index
                0x0000000020000a20                g_tare_value
                0x0000000020000a24                previous_quantity
                0x0000000020000a28                saved_quantity
                0x0000000020000a2c                previous_quantity_3
                0x0000000020000a30                quantity
 .bss           0x0000000020000a34        0x8 src/syscalls.o
                0x0000000020000a34                __env
 .bss           0x0000000020000a3c        0x4 src/tty.o
                0x0000000020000a3c                echo_mode
 *(.bss*)
 .bss.__malloc_current_mallinfo
                0x0000000020000a40       0x28 /home/sam/Ac6/SystemWorkbench/plugins/fr.ac6.mcu.externaltools.arm-none.linux64_1.17.0.201812190825/tools/compiler/bin/../lib/gcc/arm-none-eabi/7.3.1/../../../../arm-none-eabi/lib/thumb/v6-m/libc.a(lib_a-mallocr.o)
                0x0000000020000a40                __malloc_current_mallinfo
 .bss.__malloc_max_sbrked_mem
                0x0000000020000a68        0x4 /home/sam/Ac6/SystemWorkbench/plugins/fr.ac6.mcu.externaltools.arm-none.linux64_1.17.0.201812190825/tools/compiler/bin/../lib/gcc/arm-none-eabi/7.3.1/../../../../arm-none-eabi/lib/thumb/v6-m/libc.a(lib_a-mallocr.o)
                0x0000000020000a68                __malloc_max_sbrked_mem
 .bss.__malloc_max_total_mem
                0x0000000020000a6c        0x4 /home/sam/Ac6/SystemWorkbench/plugins/fr.ac6.mcu.externaltools.arm-none.linux64_1.17.0.201812190825/tools/compiler/bin/../lib/gcc/arm-none-eabi/7.3.1/../../../../arm-none-eabi/lib/thumb/v6-m/libc.a(lib_a-mallocr.o)
                0x0000000020000a6c                __malloc_max_total_mem
 .bss.__malloc_top_pad
                0x0000000020000a70        0x4 /home/sam/Ac6/SystemWorkbench/plugins/fr.ac6.mcu.externaltools.arm-none.linux64_1.17.0.201812190825/tools/compiler/bin/../lib/gcc/arm-none-eabi/7.3.1/../../../../arm-none-eabi/lib/thumb/v6-m/libc.a(lib_a-mallocr.o)
                0x0000000020000a70                __malloc_top_pad
 *(COMMON)
 COMMON         0x0000000020000a74     0x16b0 src/display.o
                0x0000000020000a74                display_buffer
 COMMON         0x0000000020002124       0xe8 src/main.o
                0x0000000020002124                global_buffer
                0x0000000020002188                g_unit_weight
                0x00000000200021a8                g_item_name
                0x00000000200021c8                comm_counter
                0x00000000200021cc                g_tare_weight
                0x00000000200021ec                g_item_code
 COMMON         0x000000002000220c       0x83 src/tty.o
                0x000000002000220c                input_fifo
 *fill*         0x000000002000228f        0x1 
 COMMON         0x0000000020002290       0x21 /home/sam/Ac6/SystemWorkbench/plugins/fr.ac6.mcu.externaltools.arm-none.linux64_1.17.0.201812190825/tools/compiler/bin/../lib/gcc/arm-none-eabi/7.3.1/../../../../arm-none-eabi/lib/thumb/v6-m/libc.a(lib_a-lock.o)
                0x0000000020002290                __lock___atexit_recursive_mutex
                0x0000000020002294                __lock___arc4random_mutex
                0x0000000020002298                __lock___env_recursive_mutex
                0x000000002000229c                __lock___sinit_recursive_mutex
                0x00000000200022a0                __lock___malloc_recursive_mutex
                0x00000000200022a4                __lock___at_quick_exit_mutex
                0x00000000200022a8                __lock___dd_hash_mutex
                0x00000000200022ac                __lock___tz_mutex
                0x00000000200022b0                __lock___sfp_recursive_mutex
 *fill*         0x00000000200022b1        0x3 
 COMMON         0x00000000200022b4        0x4 /home/sam/Ac6/SystemWorkbench/plugins/fr.ac6.mcu.externaltools.arm-none.linux64_1.17.0.201812190825/tools/compiler/bin/../lib/gcc/arm-none-eabi/7.3.1/../../../../arm-none-eabi/lib/thumb/v6-m/libc.a(lib_a-reent.o)
                0x00000000200022b4                errno
                0x00000000200022b8                . = ALIGN (0x4)
                0x00000000200022b8                _ebss = .
                0x00000000200022b8                __bss_end__ = _ebss

._user_heap_stack
                0x00000000200022b8      0x400 load address 0x000000000800f7dc
                0x00000000200022b8                . = ALIGN (0x8)
                0x00000000200022b8                PROVIDE (end = .)
                [!provide]                        PROVIDE (_end = .)
                0x00000000200022b8                . = (. + _Min_Heap_Size)
                0x00000000200026b8                . = (. + _Min_Stack_Size)
 *fill*         0x00000000200022b8      0x400 
                0x00000000200026b8                . = ALIGN (0x8)

/DISCARD/
 libc.a(*)
 libm.a(*)
 libgcc.a(*)

.ARM.attributes
                0x0000000000000000       0x28
 *(.ARM.attributes)
 .ARM.attributes
                0x0000000000000000       0x1e /home/sam/Ac6/SystemWorkbench/plugins/fr.ac6.mcu.externaltools.arm-none.linux64_1.17.0.201812190825/tools/compiler/bin/../lib/gcc/arm-none-eabi/7.3.1/thumb/v6-m/crti.o
 .ARM.attributes
                0x000000000000001e       0x2c /home/sam/Ac6/SystemWorkbench/plugins/fr.ac6.mcu.externaltools.arm-none.linux64_1.17.0.201812190825/tools/compiler/bin/../lib/gcc/arm-none-eabi/7.3.1/thumb/v6-m/crtbegin.o
 .ARM.attributes
                0x000000000000004a       0x31 src/display.o
 .ARM.attributes
                0x000000000000007b       0x31 src/epd.o
 .ARM.attributes
                0x00000000000000ac       0x31 src/fifo.o
 .ARM.attributes
                0x00000000000000dd       0x31 src/main.o
 .ARM.attributes
                0x000000000000010e       0x31 src/misc.o
 .ARM.attributes
                0x000000000000013f       0x31 src/syscalls.o
 .ARM.attributes
                0x0000000000000170       0x31 src/system_stm32f0xx.o
 .ARM.attributes
                0x00000000000001a1       0x31 src/tty.o
 .ARM.attributes
                0x00000000000001d2       0x21 startup/startup_stm32.o
 .ARM.attributes
                0x00000000000001f3       0x1e /home/sam/Ac6/SystemWorkbench/plugins/fr.ac6.mcu.externaltools.arm-none.linux64_1.17.0.201812190825/tools/compiler/bin/../lib/gcc/arm-none-eabi/7.3.1/thumb/v6-m/libgcc.a(_udivsi3.o)
 .ARM.attributes
                0x0000000000000211       0x1e /home/sam/Ac6/SystemWorkbench/plugins/fr.ac6.mcu.externaltools.arm-none.linux64_1.17.0.201812190825/tools/compiler/bin/../lib/gcc/arm-none-eabi/7.3.1/thumb/v6-m/libgcc.a(_divsi3.o)
 .ARM.attributes
                0x000000000000022f       0x1e /home/sam/Ac6/SystemWorkbench/plugins/fr.ac6.mcu.externaltools.arm-none.linux64_1.17.0.201812190825/tools/compiler/bin/../lib/gcc/arm-none-eabi/7.3.1/thumb/v6-m/libgcc.a(_dvmd_tls.o)
 .ARM.attributes
                0x000000000000024d       0x2c /home/sam/Ac6/SystemWorkbench/plugins/fr.ac6.mcu.externaltools.arm-none.linux64_1.17.0.201812190825/tools/compiler/bin/../lib/gcc/arm-none-eabi/7.3.1/thumb/v6-m/libgcc.a(divsf3.o)
 .ARM.attributes
                0x0000000000000279       0x2c /home/sam/Ac6/SystemWorkbench/plugins/fr.ac6.mcu.externaltools.arm-none.linux64_1.17.0.201812190825/tools/compiler/bin/../lib/gcc/arm-none-eabi/7.3.1/thumb/v6-m/libgcc.a(fixsfsi.o)
 .ARM.attributes
                0x00000000000002a5       0x2c /home/sam/Ac6/SystemWorkbench/plugins/fr.ac6.mcu.externaltools.arm-none.linux64_1.17.0.201812190825/tools/compiler/bin/../lib/gcc/arm-none-eabi/7.3.1/thumb/v6-m/libgcc.a(floatunsisf.o)
 .ARM.attributes
                0x00000000000002d1       0x2c /home/sam/Ac6/SystemWorkbench/plugins/fr.ac6.mcu.externaltools.arm-none.linux64_1.17.0.201812190825/tools/compiler/bin/../lib/gcc/arm-none-eabi/7.3.1/thumb/v6-m/libgcc.a(truncdfsf2.o)
 .ARM.attributes
                0x00000000000002fd       0x1e /home/sam/Ac6/SystemWorkbench/plugins/fr.ac6.mcu.externaltools.arm-none.linux64_1.17.0.201812190825/tools/compiler/bin/../lib/gcc/arm-none-eabi/7.3.1/thumb/v6-m/libgcc.a(_clzsi2.o)
 .ARM.attributes
                0x000000000000031b       0x2c /home/sam/Ac6/SystemWorkbench/plugins/fr.ac6.mcu.externaltools.arm-none.linux64_1.17.0.201812190825/tools/compiler/bin/../lib/gcc/arm-none-eabi/7.3.1/../../../../arm-none-eabi/lib/thumb/v6-m/libc.a(lib_a-atof.o)
 .ARM.attributes
                0x0000000000000347       0x2c /home/sam/Ac6/SystemWorkbench/plugins/fr.ac6.mcu.externaltools.arm-none.linux64_1.17.0.201812190825/tools/compiler/bin/../lib/gcc/arm-none-eabi/7.3.1/../../../../arm-none-eabi/lib/thumb/v6-m/libc.a(lib_a-errno.o)
 .ARM.attributes
                0x0000000000000373       0x2c /home/sam/Ac6/SystemWorkbench/plugins/fr.ac6.mcu.externaltools.arm-none.linux64_1.17.0.201812190825/tools/compiler/bin/../lib/gcc/arm-none-eabi/7.3.1/../../../../arm-none-eabi/lib/thumb/v6-m/libc.a(lib_a-fflush.o)
 .ARM.attributes
                0x000000000000039f       0x2c /home/sam/Ac6/SystemWorkbench/plugins/fr.ac6.mcu.externaltools.arm-none.linux64_1.17.0.201812190825/tools/compiler/bin/../lib/gcc/arm-none-eabi/7.3.1/../../../../arm-none-eabi/lib/thumb/v6-m/libc.a(lib_a-fgets.o)
 .ARM.attributes
                0x00000000000003cb       0x2c /home/sam/Ac6/SystemWorkbench/plugins/fr.ac6.mcu.externaltools.arm-none.linux64_1.17.0.201812190825/tools/compiler/bin/../lib/gcc/arm-none-eabi/7.3.1/../../../../arm-none-eabi/lib/thumb/v6-m/libc.a(lib_a-findfp.o)
 .ARM.attributes
                0x00000000000003f7       0x2c /home/sam/Ac6/SystemWorkbench/plugins/fr.ac6.mcu.externaltools.arm-none.linux64_1.17.0.201812190825/tools/compiler/bin/../lib/gcc/arm-none-eabi/7.3.1/../../../../arm-none-eabi/lib/thumb/v6-m/libc.a(lib_a-freer.o)
 .ARM.attributes
                0x0000000000000423       0x2c /home/sam/Ac6/SystemWorkbench/plugins/fr.ac6.mcu.externaltools.arm-none.linux64_1.17.0.201812190825/tools/compiler/bin/../lib/gcc/arm-none-eabi/7.3.1/../../../../arm-none-eabi/lib/thumb/v6-m/libc.a(lib_a-fwalk.o)
 .ARM.attributes
                0x000000000000044f       0x2c /home/sam/Ac6/SystemWorkbench/plugins/fr.ac6.mcu.externaltools.arm-none.linux64_1.17.0.201812190825/tools/compiler/bin/../lib/gcc/arm-none-eabi/7.3.1/../../../../arm-none-eabi/lib/thumb/v6-m/libc.a(lib_a-impure.o)
 .ARM.attributes
                0x000000000000047b       0x2c /home/sam/Ac6/SystemWorkbench/plugins/fr.ac6.mcu.externaltools.arm-none.linux64_1.17.0.201812190825/tools/compiler/bin/../lib/gcc/arm-none-eabi/7.3.1/../../../../arm-none-eabi/lib/thumb/v6-m/libc.a(lib_a-init.o)
 .ARM.attributes
                0x00000000000004a7       0x2c /home/sam/Ac6/SystemWorkbench/plugins/fr.ac6.mcu.externaltools.arm-none.linux64_1.17.0.201812190825/tools/compiler/bin/../lib/gcc/arm-none-eabi/7.3.1/../../../../arm-none-eabi/lib/thumb/v6-m/libc.a(lib_a-lock.o)
 .ARM.attributes
                0x00000000000004d3       0x2c /home/sam/Ac6/SystemWorkbench/plugins/fr.ac6.mcu.externaltools.arm-none.linux64_1.17.0.201812190825/tools/compiler/bin/../lib/gcc/arm-none-eabi/7.3.1/../../../../arm-none-eabi/lib/thumb/v6-m/libc.a(lib_a-mallocr.o)
 .ARM.attributes
                0x00000000000004ff       0x2c /home/sam/Ac6/SystemWorkbench/plugins/fr.ac6.mcu.externaltools.arm-none.linux64_1.17.0.201812190825/tools/compiler/bin/../lib/gcc/arm-none-eabi/7.3.1/../../../../arm-none-eabi/lib/thumb/v6-m/libc.a(lib_a-memchr-stub.o)
 .ARM.attributes
                0x000000000000052b       0x2c /home/sam/Ac6/SystemWorkbench/plugins/fr.ac6.mcu.externaltools.arm-none.linux64_1.17.0.201812190825/tools/compiler/bin/../lib/gcc/arm-none-eabi/7.3.1/../../../../arm-none-eabi/lib/thumb/v6-m/libc.a(lib_a-memcpy-stub.o)
 .ARM.attributes
                0x0000000000000557       0x2c /home/sam/Ac6/SystemWorkbench/plugins/fr.ac6.mcu.externaltools.arm-none.linux64_1.17.0.201812190825/tools/compiler/bin/../lib/gcc/arm-none-eabi/7.3.1/../../../../arm-none-eabi/lib/thumb/v6-m/libc.a(lib_a-memset.o)
 .ARM.attributes
                0x0000000000000583       0x2c /home/sam/Ac6/SystemWorkbench/plugins/fr.ac6.mcu.externaltools.arm-none.linux64_1.17.0.201812190825/tools/compiler/bin/../lib/gcc/arm-none-eabi/7.3.1/../../../../arm-none-eabi/lib/thumb/v6-m/libc.a(lib_a-mlock.o)
 .ARM.attributes
                0x00000000000005af       0x2c /home/sam/Ac6/SystemWorkbench/plugins/fr.ac6.mcu.externaltools.arm-none.linux64_1.17.0.201812190825/tools/compiler/bin/../lib/gcc/arm-none-eabi/7.3.1/../../../../arm-none-eabi/lib/thumb/v6-m/libc.a(lib_a-printf.o)
 .ARM.attributes
                0x00000000000005db       0x2c /home/sam/Ac6/SystemWorkbench/plugins/fr.ac6.mcu.externaltools.arm-none.linux64_1.17.0.201812190825/tools/compiler/bin/../lib/gcc/arm-none-eabi/7.3.1/../../../../arm-none-eabi/lib/thumb/v6-m/libc.a(lib_a-refill.o)
 .ARM.attributes
                0x0000000000000607       0x2c /home/sam/Ac6/SystemWorkbench/plugins/fr.ac6.mcu.externaltools.arm-none.linux64_1.17.0.201812190825/tools/compiler/bin/../lib/gcc/arm-none-eabi/7.3.1/../../../../arm-none-eabi/lib/thumb/v6-m/libc.a(lib_a-sbrkr.o)
 .ARM.attributes
                0x0000000000000633       0x2c /home/sam/Ac6/SystemWorkbench/plugins/fr.ac6.mcu.externaltools.arm-none.linux64_1.17.0.201812190825/tools/compiler/bin/../lib/gcc/arm-none-eabi/7.3.1/../../../../arm-none-eabi/lib/thumb/v6-m/libc.a(lib_a-setbuf.o)
 .ARM.attributes
                0x000000000000065f       0x2c /home/sam/Ac6/SystemWorkbench/plugins/fr.ac6.mcu.externaltools.arm-none.linux64_1.17.0.201812190825/tools/compiler/bin/../lib/gcc/arm-none-eabi/7.3.1/../../../../arm-none-eabi/lib/thumb/v6-m/libc.a(lib_a-setvbuf.o)
 .ARM.attributes
                0x000000000000068b       0x2c /home/sam/Ac6/SystemWorkbench/plugins/fr.ac6.mcu.externaltools.arm-none.linux64_1.17.0.201812190825/tools/compiler/bin/../lib/gcc/arm-none-eabi/7.3.1/../../../../arm-none-eabi/lib/thumb/v6-m/libc.a(lib_a-sprintf.o)
 .ARM.attributes
                0x00000000000006b7       0x2c /home/sam/Ac6/SystemWorkbench/plugins/fr.ac6.mcu.externaltools.arm-none.linux64_1.17.0.201812190825/tools/compiler/bin/../lib/gcc/arm-none-eabi/7.3.1/../../../../arm-none-eabi/lib/thumb/v6-m/libc.a(lib_a-stdio.o)
 .ARM.attributes
                0x00000000000006e3       0x1b /home/sam/Ac6/SystemWorkbench/plugins/fr.ac6.mcu.externaltools.arm-none.linux64_1.17.0.201812190825/tools/compiler/bin/../lib/gcc/arm-none-eabi/7.3.1/../../../../arm-none-eabi/lib/thumb/v6-m/libc.a(lib_a-strcmp.o)
 .ARM.attributes
                0x00000000000006fe       0x2c /home/sam/Ac6/SystemWorkbench/plugins/fr.ac6.mcu.externaltools.arm-none.linux64_1.17.0.201812190825/tools/compiler/bin/../lib/gcc/arm-none-eabi/7.3.1/../../../../arm-none-eabi/lib/thumb/v6-m/libc.a(lib_a-strcpy.o)
 .ARM.attributes
                0x000000000000072a       0x2c /home/sam/Ac6/SystemWorkbench/plugins/fr.ac6.mcu.externaltools.arm-none.linux64_1.17.0.201812190825/tools/compiler/bin/../lib/gcc/arm-none-eabi/7.3.1/../../../../arm-none-eabi/lib/thumb/v6-m/libc.a(lib_a-strlen-stub.o)
 .ARM.attributes
                0x0000000000000756       0x2c /home/sam/Ac6/SystemWorkbench/plugins/fr.ac6.mcu.externaltools.arm-none.linux64_1.17.0.201812190825/tools/compiler/bin/../lib/gcc/arm-none-eabi/7.3.1/../../../../arm-none-eabi/lib/thumb/v6-m/libc.a(lib_a-strncpy.o)
 .ARM.attributes
                0x0000000000000782       0x2c /home/sam/Ac6/SystemWorkbench/plugins/fr.ac6.mcu.externaltools.arm-none.linux64_1.17.0.201812190825/tools/compiler/bin/../lib/gcc/arm-none-eabi/7.3.1/../../../../arm-none-eabi/lib/thumb/v6-m/libc.a(lib_a-strtod.o)
 .ARM.attributes
                0x00000000000007ae       0x2c /home/sam/Ac6/SystemWorkbench/plugins/fr.ac6.mcu.externaltools.arm-none.linux64_1.17.0.201812190825/tools/compiler/bin/../lib/gcc/arm-none-eabi/7.3.1/../../../../arm-none-eabi/lib/thumb/v6-m/libc.a(lib_a-svfprintf.o)
 .ARM.attributes
                0x00000000000007da       0x2c /home/sam/Ac6/SystemWorkbench/plugins/fr.ac6.mcu.externaltools.arm-none.linux64_1.17.0.201812190825/tools/compiler/bin/../lib/gcc/arm-none-eabi/7.3.1/../../../../arm-none-eabi/lib/thumb/v6-m/libc.a(lib_a-syswait.o)
 .ARM.attributes
                0x0000000000000806       0x2c /home/sam/Ac6/SystemWorkbench/plugins/fr.ac6.mcu.externaltools.arm-none.linux64_1.17.0.201812190825/tools/compiler/bin/../lib/gcc/arm-none-eabi/7.3.1/../../../../arm-none-eabi/lib/thumb/v6-m/libc.a(lib_a-vfprintf.o)
 .ARM.attributes
                0x0000000000000832       0x2c /home/sam/Ac6/SystemWorkbench/plugins/fr.ac6.mcu.externaltools.arm-none.linux64_1.17.0.201812190825/tools/compiler/bin/../lib/gcc/arm-none-eabi/7.3.1/../../../../arm-none-eabi/lib/thumb/v6-m/libc.a(lib_a-writer.o)
 .ARM.attributes
                0x000000000000085e       0x2c /home/sam/Ac6/SystemWorkbench/plugins/fr.ac6.mcu.externaltools.arm-none.linux64_1.17.0.201812190825/tools/compiler/bin/../lib/gcc/arm-none-eabi/7.3.1/../../../../arm-none-eabi/lib/thumb/v6-m/libc.a(lib_a-wsetup.o)
 .ARM.attributes
                0x000000000000088a       0x2c /home/sam/Ac6/SystemWorkbench/plugins/fr.ac6.mcu.externaltools.arm-none.linux64_1.17.0.201812190825/tools/compiler/bin/../lib/gcc/arm-none-eabi/7.3.1/../../../../arm-none-eabi/lib/thumb/v6-m/libc.a(lib_a-__call_atexit.o)
 .ARM.attributes
                0x00000000000008b6       0x2c /home/sam/Ac6/SystemWorkbench/plugins/fr.ac6.mcu.externaltools.arm-none.linux64_1.17.0.201812190825/tools/compiler/bin/../lib/gcc/arm-none-eabi/7.3.1/../../../../arm-none-eabi/lib/thumb/v6-m/libc.a(lib_a-atexit.o)
 .ARM.attributes
                0x00000000000008e2       0x2c /home/sam/Ac6/SystemWorkbench/plugins/fr.ac6.mcu.externaltools.arm-none.linux64_1.17.0.201812190825/tools/compiler/bin/../lib/gcc/arm-none-eabi/7.3.1/../../../../arm-none-eabi/lib/thumb/v6-m/libc.a(lib_a-closer.o)
 .ARM.attributes
                0x000000000000090e       0x2c /home/sam/Ac6/SystemWorkbench/plugins/fr.ac6.mcu.externaltools.arm-none.linux64_1.17.0.201812190825/tools/compiler/bin/../lib/gcc/arm-none-eabi/7.3.1/../../../../arm-none-eabi/lib/thumb/v6-m/libc.a(lib_a-dtoa.o)
 .ARM.attributes
                0x000000000000093a       0x2c /home/sam/Ac6/SystemWorkbench/plugins/fr.ac6.mcu.externaltools.arm-none.linux64_1.17.0.201812190825/tools/compiler/bin/../lib/gcc/arm-none-eabi/7.3.1/../../../../arm-none-eabi/lib/thumb/v6-m/libc.a(lib_a-execr.o)
 .ARM.attributes
                0x0000000000000966       0x2c /home/sam/Ac6/SystemWorkbench/plugins/fr.ac6.mcu.externaltools.arm-none.linux64_1.17.0.201812190825/tools/compiler/bin/../lib/gcc/arm-none-eabi/7.3.1/../../../../arm-none-eabi/lib/thumb/v6-m/libc.a(lib_a-fclose.o)
 .ARM.attributes